Archive member included to satisfy reference by file (symbol)

C:/ST/STM32CubeIDE_1.14.1/STM32CubeIDE/plugins/com.st.stm32cube.ide.mcu.externaltools.gnu-tools-for-stm32.11.3.rel1.win32_1.1.100.202309141235/tools/bin/../lib/gcc/arm-none-eabi/11.3.1/../../../../arm-none-eabi/lib/thumb/v7-m/nofp\libc_nano.a(libc_a-exit.o)
                              C:/ST/STM32CubeIDE_1.14.1/STM32CubeIDE/plugins/com.st.stm32cube.ide.mcu.externaltools.gnu-tools-for-stm32.11.3.rel1.win32_1.1.100.202309141235/tools/bin/../lib/gcc/arm-none-eabi/11.3.1/../../../../arm-none-eabi/lib/thumb/v7-m/nofp/crt0.o (exit)
C:/ST/STM32CubeIDE_1.14.1/STM32CubeIDE/plugins/com.st.stm32cube.ide.mcu.externaltools.gnu-tools-for-stm32.11.3.rel1.win32_1.1.100.202309141235/tools/bin/../lib/gcc/arm-none-eabi/11.3.1/../../../../arm-none-eabi/lib/thumb/v7-m/nofp\libc_nano.a(libc_a-findfp.o)
                              C:/ST/STM32CubeIDE_1.14.1/STM32CubeIDE/plugins/com.st.stm32cube.ide.mcu.externaltools.gnu-tools-for-stm32.11.3.rel1.win32_1.1.100.202309141235/tools/bin/../lib/gcc/arm-none-eabi/11.3.1/../../../../arm-none-eabi/lib/thumb/v7-m/nofp\libc_nano.a(libc_a-exit.o) (__stdio_exit_handler)
C:/ST/STM32CubeIDE_1.14.1/STM32CubeIDE/plugins/com.st.stm32cube.ide.mcu.externaltools.gnu-tools-for-stm32.11.3.rel1.win32_1.1.100.202309141235/tools/bin/../lib/gcc/arm-none-eabi/11.3.1/../../../../arm-none-eabi/lib/thumb/v7-m/nofp\libc_nano.a(libc_a-fwalk.o)
                              C:/ST/STM32CubeIDE_1.14.1/STM32CubeIDE/plugins/com.st.stm32cube.ide.mcu.externaltools.gnu-tools-for-stm32.11.3.rel1.win32_1.1.100.202309141235/tools/bin/../lib/gcc/arm-none-eabi/11.3.1/../../../../arm-none-eabi/lib/thumb/v7-m/nofp\libc_nano.a(libc_a-findfp.o) (_fwalk_sglue)
C:/ST/STM32CubeIDE_1.14.1/STM32CubeIDE/plugins/com.st.stm32cube.ide.mcu.externaltools.gnu-tools-for-stm32.11.3.rel1.win32_1.1.100.202309141235/tools/bin/../lib/gcc/arm-none-eabi/11.3.1/../../../../arm-none-eabi/lib/thumb/v7-m/nofp\libc_nano.a(libc_a-stdio.o)
                              C:/ST/STM32CubeIDE_1.14.1/STM32CubeIDE/plugins/com.st.stm32cube.ide.mcu.externaltools.gnu-tools-for-stm32.11.3.rel1.win32_1.1.100.202309141235/tools/bin/../lib/gcc/arm-none-eabi/11.3.1/../../../../arm-none-eabi/lib/thumb/v7-m/nofp\libc_nano.a(libc_a-findfp.o) (__sread)
C:/ST/STM32CubeIDE_1.14.1/STM32CubeIDE/plugins/com.st.stm32cube.ide.mcu.externaltools.gnu-tools-for-stm32.11.3.rel1.win32_1.1.100.202309141235/tools/bin/../lib/gcc/arm-none-eabi/11.3.1/../../../../arm-none-eabi/lib/thumb/v7-m/nofp\libc_nano.a(libc_a-memset.o)
                              C:/ST/STM32CubeIDE_1.14.1/STM32CubeIDE/plugins/com.st.stm32cube.ide.mcu.externaltools.gnu-tools-for-stm32.11.3.rel1.win32_1.1.100.202309141235/tools/bin/../lib/gcc/arm-none-eabi/11.3.1/../../../../arm-none-eabi/lib/thumb/v7-m/nofp/crt0.o (memset)
C:/ST/STM32CubeIDE_1.14.1/STM32CubeIDE/plugins/com.st.stm32cube.ide.mcu.externaltools.gnu-tools-for-stm32.11.3.rel1.win32_1.1.100.202309141235/tools/bin/../lib/gcc/arm-none-eabi/11.3.1/../../../../arm-none-eabi/lib/thumb/v7-m/nofp\libc_nano.a(libc_a-closer.o)
                              C:/ST/STM32CubeIDE_1.14.1/STM32CubeIDE/plugins/com.st.stm32cube.ide.mcu.externaltools.gnu-tools-for-stm32.11.3.rel1.win32_1.1.100.202309141235/tools/bin/../lib/gcc/arm-none-eabi/11.3.1/../../../../arm-none-eabi/lib/thumb/v7-m/nofp\libc_nano.a(libc_a-stdio.o) (_close_r)
C:/ST/STM32CubeIDE_1.14.1/STM32CubeIDE/plugins/com.st.stm32cube.ide.mcu.externaltools.gnu-tools-for-stm32.11.3.rel1.win32_1.1.100.202309141235/tools/bin/../lib/gcc/arm-none-eabi/11.3.1/../../../../arm-none-eabi/lib/thumb/v7-m/nofp\libc_nano.a(libc_a-reent.o)
                              C:/ST/STM32CubeIDE_1.14.1/STM32CubeIDE/plugins/com.st.stm32cube.ide.mcu.externaltools.gnu-tools-for-stm32.11.3.rel1.win32_1.1.100.202309141235/tools/bin/../lib/gcc/arm-none-eabi/11.3.1/../../../../arm-none-eabi/lib/thumb/v7-m/nofp\libc_nano.a(libc_a-closer.o) (errno)
C:/ST/STM32CubeIDE_1.14.1/STM32CubeIDE/plugins/com.st.stm32cube.ide.mcu.externaltools.gnu-tools-for-stm32.11.3.rel1.win32_1.1.100.202309141235/tools/bin/../lib/gcc/arm-none-eabi/11.3.1/../../../../arm-none-eabi/lib/thumb/v7-m/nofp\libc_nano.a(libc_a-impure.o)
                              C:/ST/STM32CubeIDE_1.14.1/STM32CubeIDE/plugins/com.st.stm32cube.ide.mcu.externaltools.gnu-tools-for-stm32.11.3.rel1.win32_1.1.100.202309141235/tools/bin/../lib/gcc/arm-none-eabi/11.3.1/../../../../arm-none-eabi/lib/thumb/v7-m/nofp\libc_nano.a(libc_a-reent.o) (_impure_ptr)
C:/ST/STM32CubeIDE_1.14.1/STM32CubeIDE/plugins/com.st.stm32cube.ide.mcu.externaltools.gnu-tools-for-stm32.11.3.rel1.win32_1.1.100.202309141235/tools/bin/../lib/gcc/arm-none-eabi/11.3.1/../../../../arm-none-eabi/lib/thumb/v7-m/nofp\libc_nano.a(libc_a-lseekr.o)
[...]
Memory Configuration

Name             Origin             Length             Attributes
RAM              0x0000000020000000 0x0000000000005000 xrw
FLASH            0x0000000008000000 0x0000000000010000 xr
*default*        0x0000000000000000 0xffffffffffffffff

Linker script and memory map

LOAD C:/ST/STM32CubeIDE_1.14.1/STM32CubeIDE/plugins/com.st.stm32cube.ide.mcu.externaltools.gnu-tools-for-stm32.11.3.rel1.win32_1.1.100.202309141235/tools/bin/../lib/gcc/arm-none-eabi/11.3.1/thumb/v7-m/nofp/crti.o
LOAD C:/ST/STM32CubeIDE_1.14.1/STM32CubeIDE/plugins/com.st.stm32cube.ide.mcu.externaltools.gnu-tools-for-stm32.11.3.rel1.win32_1.1.100.202309141235/tools/bin/../lib/gcc/arm-none-eabi/11.3.1/thumb/v7-m/nofp/crtbegin.o
LOAD C:/ST/STM32CubeIDE_1.14.1/STM32CubeIDE/plugins/com.st.stm32cube.ide.mcu.externaltools.gnu-tools-for-stm32.11.3.rel1.win32_1.1.100.202309141235/tools/bin/../lib/gcc/arm-none-eabi/11.3.1/../../../../arm-none-eabi/lib/thumb/v7-m/nofp/crt0.o
LOAD ./Core/Src/main.o
LOAD ./Core/Src/stm32f1xx_hal_msp.o
LOAD ./Core/Src/stm32f1xx_it.o
LOAD ./Core/Src/syscalls.o
LOAD ./Core/Src/sysmem.o
LOAD ./Core/Src/system_stm32f1xx.o
LOAD ./Core/Startup/startup_stm32f103c8tx.o
LOAD ./Drivers/STM32F1xx_HAL_Driver/Src/stm32f1xx_hal.o
LOAD ./Drivers/STM32F1xx_HAL_Driver/Src/stm32f1xx_hal_cortex.o
LOAD ./Drivers/STM32F1xx_HAL_Driver/Src/stm32f1xx_hal_dma.o
LOAD ./Drivers/STM32F1xx_HAL_Driver/Src/stm32f1xx_hal_exti.o
LOAD ./Drivers/STM32F1xx_HAL_Driver/Src/stm32f1xx_hal_flash.o
LOAD ./Drivers/STM32F1xx_HAL_Driver/Src/stm32f1xx_hal_flash_ex.o
LOAD ./Drivers/STM32F1xx_HAL_Driver/Src/stm32f1xx_hal_gpio.o
LOAD ./Drivers/STM32F1xx_HAL_Driver/Src/stm32f1xx_hal_gpio_ex.o
LOAD ./Drivers/STM32F1xx_HAL_Driver/Src/stm32f1xx_hal_pcd.o
LOAD ./Drivers/STM32F1xx_HAL_Driver/Src/stm32f1xx_hal_pcd_ex.o
LOAD ./Drivers/STM32F1xx_HAL_Driver/Src/stm32f1xx_hal_pwr.o
LOAD ./Drivers/STM32F1xx_HAL_Driver/Src/stm32f1xx_hal_rcc.o
LOAD ./Drivers/STM32F1xx_HAL_Driver/Src/stm32f1xx_hal_rcc_ex.o
LOAD ./Drivers/STM32F1xx_HAL_Driver/Src/stm32f1xx_hal_tim.o
LOAD ./Drivers/STM32F1xx_HAL_Driver/Src/stm32f1xx_hal_tim_ex.o
LOAD ./Drivers/STM32F1xx_HAL_Driver/Src/stm32f1xx_hal_uart.o
LOAD ./Drivers/STM32F1xx_HAL_Driver/Src/stm32f1xx_ll_usb.o
LOAD ./Middlewares/ST/STM32_USB_Device_Library/Class/CDC/Src/usbd_cdc.o
LOAD ./Middlewares/ST/STM32_USB_Device_Library/Core/Src/usbd_core.o
LOAD ./Middlewares/ST/STM32_USB_Device_Library/Core/Src/usbd_ctlreq.o
LOAD ./Middlewares/ST/STM32_USB_Device_Library/Core/Src/usbd_ioreq.o
LOAD ./USB_DEVICE/App/usb_device.o
LOAD ./USB_DEVICE/App/usbd_cdc_if.o
LOAD ./USB_DEVICE/App/usbd_desc.o
LOAD ./USB_DEVICE/Target/usbd_conf.o
START GROUP
LOAD C:/ST/STM32CubeIDE_1.14.1/STM32CubeIDE/plugins/com.st.stm32cube.ide.mcu.externaltools.gnu-tools-for-stm32.11.3.rel1.win32_1.1.100.202309141235/tools/bin/../lib/gcc/arm-none-eabi/11.3.1/../../../../arm-none-eabi/lib/thumb/v7-m/nofp\libc_nano.a
LOAD C:/ST/STM32CubeIDE_1.14.1/STM32CubeIDE/plugins/com.st.stm32cube.ide.mcu.externaltools.gnu-tools-for-stm32.11.3.rel1.win32_1.1.100.202309141235/tools/bin/../lib/gcc/arm-none-eabi/11.3.1/../../../../arm-none-eabi/lib/thumb/v7-m/nofp\libm.a
END GROUP
START GROUP
LOAD C:/ST/STM32CubeIDE_1.14.1/STM32CubeIDE/plugins/com.st.stm32cube.ide.mcu.externaltools.gnu-tools-for-stm32.11.3.rel1.win32_1.1.100.202309141235/tools/bin/../lib/gcc/arm-none-eabi/11.3.1/thumb/v7-m/nofp\libgcc.a
LOAD C:/ST/STM32CubeIDE_1.14.1/STM32CubeIDE/plugins/com.st.stm32cube.ide.mcu.externaltools.gnu-tools-for-stm32.11.3.rel1.win32_1.1.100.202309141235/tools/bin/../lib/gcc/arm-none-eabi/11.3.1/../../../../arm-none-eabi/lib/thumb/v7-m/nofp\libc_nano.a
END GROUP
START GROUP
LOAD C:/ST/STM32CubeIDE_1.14.1/STM32CubeIDE/plugins/com.st.stm32cube.ide.mcu.externaltools.gnu-tools-for-stm32.11.3.rel1.win32_1.1.100.202309141235/tools/bin/../lib/gcc/arm-none-eabi/11.3.1/thumb/v7-m/nofp\libgcc.a
LOAD C:/ST/STM32CubeIDE_1.14.1/STM32CubeIDE/plugins/com.st.stm32cube.ide.mcu.externaltools.gnu-tools-for-stm32.11.3.rel1.win32_1.1.100.202309141235/tools/bin/../lib/gcc/arm-none-eabi/11.3.1/../../../../arm-none-eabi/lib/thumb/v7-m/nofp\libc_nano.a
LOAD C:/ST/STM32CubeIDE_1.14.1/STM32CubeIDE/plugins/com.st.stm32cube.ide.mcu.externaltools.gnu-tools-for-stm32.11.3.rel1.win32_1.1.100.202309141235/tools/bin/../lib/gcc/arm-none-eabi/11.3.1/../../../../arm-none-eabi/lib/thumb/v7-m/nofp\libnosys.a
END GROUP
START GROUP
LOAD C:/ST/STM32CubeIDE_1.14.1/STM32CubeIDE/plugins/com.st.stm32cube.ide.mcu.externaltools.gnu-tools-for-stm32.11.3.rel1.win32_1.1.100.202309141235/tools/bin/../lib/gcc/arm-none-eabi/11.3.1/thumb/v7-m/nofp\libgcc.a
LOAD C:/ST/STM32CubeIDE_1.14.1/STM32CubeIDE/plugins/com.st.stm32cube.ide.mcu.externaltools.gnu-tools-for-stm32.11.3.rel1.win32_1.1.100.202309141235/tools/bin/../lib/gcc/arm-none-eabi/11.3.1/../../../../arm-none-eabi/lib/thumb/v7-m/nofp\libc_nano.a
LOAD C:/ST/STM32CubeIDE_1.14.1/STM32CubeIDE/plugins/com.st.stm32cube.ide.mcu.externaltools.gnu-tools-for-stm32.11.3.rel1.win32_1.1.100.202309141235/tools/bin/../lib/gcc/arm-none-eabi/11.3.1/../../../../arm-none-eabi/lib/thumb/v7-m/nofp\libnosys.a
END GROUP
LOAD C:/ST/STM32CubeIDE_1.14.1/STM32CubeIDE/plugins/com.st.stm32cube.ide.mcu.externaltools.gnu-tools-for-stm32.11.3.rel1.win32_1.1.100.202309141235/tools/bin/../lib/gcc/arm-none-eabi/11.3.1/thumb/v7-m/nofp/crtend.o
LOAD C:/ST/STM32CubeIDE_1.14.1/STM32CubeIDE/plugins/com.st.stm32cube.ide.mcu.externaltools.gnu-tools-for-stm32.11.3.rel1.win32_1.1.100.202309141235/tools/bin/../lib/gcc/arm-none-eabi/11.3.1/thumb/v7-m/nofp/crtn.o
                0x0000000020005000                _estack = (ORIGIN (RAM) + LENGTH (RAM))
                0x0000000000000200                _Min_Heap_Size = 0x200
                0x0000000000000400                _Min_Stack_Size = 0x400

.isr_vector     0x0000000008000000      0x10c
                0x0000000008000000                . = ALIGN (0x4)
 *(.isr_vector)
 .isr_vector    0x0000000008000000      0x10c ./Core/Startup/startup_stm32f103c8tx.o
                0x0000000008000000                g_pfnVectors
                0x000000000800010c                . = ALIGN (0x4)

.text           0x000000000800010c     0x983c
                0x000000000800010c                . = ALIGN (0x4)
 *(.text)
 .text          0x000000000800010c       0x40 C:/ST/STM32CubeIDE_1.14.1/STM32CubeIDE/plugins/com.st.stm32cube.ide.mcu.externaltools.gnu-tools-for-stm32.11.3.rel1.win32_1.1.100.202309141235/tools/bin/../lib/gcc/arm-none-eabi/11.3.1/thumb/v7-m/nofp/crtbegin.o
 *(.text*)
 .text.HAL_TIM_PeriodElapsedCallback
                0x000000000800014c       0x6c ./Core/Src/main.o
                0x000000000800014c                HAL_TIM_PeriodElapsedCallback
 .text.USBReceive
                0x00000000080001b8       0x16 ./Core/Src/main.o
                0x00000000080001b8                USBReceive
 *fill*         0x00000000080001ce        0x2 
 .text.HAL_UART_RxCpltCallback
                0x00000000080001d0       0x48 ./Core/Src/main.o
                0x00000000080001d0                HAL_UART_RxCpltCallback
 .text.heartBeat
                0x0000000008000218       0x68 ./Core/Src/main.o
                0x0000000008000218                heartBeat
 .text.ledStatus
                0x0000000008000280      0x124 ./Core/Src/main.o
                0x0000000008000280                ledStatus
 .text.imAlive  0x00000000080003a4       0x14 ./Core/Src/main.o
                0x00000000080003a4                imAlive
 .text.buttonsStatus
                0x00000000080003b8      0x1a0 ./Core/Src/main.o
                0x00000000080003b8                buttonsStatus
 .text.inicializaButtons
                0x0000000008000558       0x26 ./Core/Src/main.o
                0x0000000008000558                inicializaButtons
 *fill*         0x000000000800057e        0x2 
 .text.debounceTask
                0x0000000008000580       0x88 ./Core/Src/main.o
                0x0000000008000580                debounceTask
 .text.decodeProtocol
                0x0000000008000608      0x20c ./Core/Src/main.o
                0x0000000008000608                decodeProtocol
 .text.decodeData
                0x0000000008000814      0x344 ./Core/Src/main.o
                0x0000000008000814                decodeData
 .text.comunicationsTask
                0x0000000008000b58       0x68 ./Core/Src/main.o
                0x0000000008000b58                comunicationsTask
 .text.main     0x0000000008000bc0      0x12c ./Core/Src/main.o
                0x0000000008000bc0                main
 .text.SystemClock_Config
                0x0000000008000cec       0xb4 ./Core/Src/main.o
                0x0000000008000cec                SystemClock_Config
 .text.MX_TIM1_Init
                0x0000000008000da0       0xa0 ./Core/Src/main.o
 .text.MX_USART1_UART_Init
                0x0000000008000e40       0x54 ./Core/Src/main.o
 .text.MX_GPIO_Init
                0x0000000008000e94       0xcc ./Core/Src/main.o
 .text.Error_Handler
                0x0000000008000f60        0xa ./Core/Src/main.o
                0x0000000008000f60                Error_Handler
 *fill*         0x0000000008000f6a        0x2 
 .text.HAL_MspInit
                0x0000000008000f6c       0x64 ./Core/Src/stm32f1xx_hal_msp.o
                0x0000000008000f6c                HAL_MspInit
 .text.HAL_TIM_Base_MspInit
                0x0000000008000fd0       0x4c ./Core/Src/stm32f1xx_hal_msp.o
                0x0000000008000fd0                HAL_TIM_Base_MspInit
 .text.HAL_UART_MspInit
                0x000000000800101c       0xa8 ./Core/Src/stm32f1xx_hal_msp.o
                0x000000000800101c                HAL_UART_MspInit
 .text.NMI_Handler
                0x00000000080010c4        0x6 ./Core/Src/stm32f1xx_it.o
                0x00000000080010c4                NMI_Handler
 .text.HardFault_Handler
                0x00000000080010ca        0x6 ./Core/Src/stm32f1xx_it.o
                0x00000000080010ca                HardFault_Handler
 .text.MemManage_Handler
                0x00000000080010d0        0x6 ./Core/Src/stm32f1xx_it.o
                0x00000000080010d0                MemManage_Handler
 .text.BusFault_Handler
                0x00000000080010d6        0x6 ./Core/Src/stm32f1xx_it.o
                0x00000000080010d6                BusFault_Handler
 .text.UsageFault_Handler
                0x00000000080010dc        0x6 ./Core/Src/stm32f1xx_it.o
                0x00000000080010dc                UsageFault_Handler
 .text.SVC_Handler
                0x00000000080010e2        0xc ./Core/Src/stm32f1xx_it.o
                0x00000000080010e2                SVC_Handler
 .text.DebugMon_Handler
                0x00000000080010ee        0xc ./Core/Src/stm32f1xx_it.o
                0x00000000080010ee                DebugMon_Handler
 .text.PendSV_Handler
                0x00000000080010fa        0xc ./Core/Src/stm32f1xx_it.o
                0x00000000080010fa                PendSV_Handler
 .text.SysTick_Handler
                0x0000000008001106        0xc ./Core/Src/stm32f1xx_it.o
                0x0000000008001106                SysTick_Handler
 *fill*         0x0000000008001112        0x2 
 .text.USB_LP_CAN1_RX0_IRQHandler
                0x0000000008001114       0x14 ./Core/Src/stm32f1xx_it.o
                0x0000000008001114                USB_LP_CAN1_RX0_IRQHandler
 .text.TIM1_UP_IRQHandler
                0x0000000008001128       0x14 ./Core/Src/stm32f1xx_it.o
                0x0000000008001128                TIM1_UP_IRQHandler
 .text.USART1_IRQHandler
                0x000000000800113c       0x14 ./Core/Src/stm32f1xx_it.o
                0x000000000800113c                USART1_IRQHandler
 .text.SystemInit
                0x0000000008001150        0xc ./Core/Src/system_stm32f1xx.o
                0x0000000008001150                SystemInit
 .text.Reset_Handler
                0x000000000800115c       0x48 ./Core/Startup/startup_stm32f103c8tx.o
                0x000000000800115c                Reset_Handler
 .text.Default_Handler
                0x00000000080011a4        0x2 ./Core/Startup/startup_stm32f103c8tx.o
                0x00000000080011a4                RTC_Alarm_IRQHandler
                0x00000000080011a4                EXTI2_IRQHandler
                0x00000000080011a4                TIM1_CC_IRQHandler
                0x00000000080011a4                PVD_IRQHandler
                0x00000000080011a4                EXTI3_IRQHandler
                0x00000000080011a4                EXTI0_IRQHandler
                0x00000000080011a4                I2C2_EV_IRQHandler
                0x00000000080011a4                ADC1_2_IRQHandler
                0x00000000080011a4                SPI1_IRQHandler
                0x00000000080011a4                TAMPER_IRQHandler
                0x00000000080011a4                DMA1_Channel4_IRQHandler
                0x00000000080011a4                USART3_IRQHandler
                0x00000000080011a4                RTC_IRQHandler
                0x00000000080011a4                DMA1_Channel7_IRQHandler
                0x00000000080011a4                CAN1_RX1_IRQHandler
                0x00000000080011a4                TIM4_IRQHandler
                0x00000000080011a4                I2C1_EV_IRQHandler
                0x00000000080011a4                DMA1_Channel6_IRQHandler
                0x00000000080011a4                TIM3_IRQHandler
                0x00000000080011a4                RCC_IRQHandler
                0x00000000080011a4                TIM1_TRG_COM_IRQHandler
                0x00000000080011a4                DMA1_Channel1_IRQHandler
                0x00000000080011a4                Default_Handler
                0x00000000080011a4                EXTI15_10_IRQHandler
                0x00000000080011a4                EXTI9_5_IRQHandler
                0x00000000080011a4                SPI2_IRQHandler
                0x00000000080011a4                DMA1_Channel5_IRQHandler
                0x00000000080011a4                EXTI4_IRQHandler
                0x00000000080011a4                USB_HP_CAN1_TX_IRQHandler
                0x00000000080011a4                DMA1_Channel3_IRQHandler
                0x00000000080011a4                WWDG_IRQHandler
                0x00000000080011a4                TIM2_IRQHandler
                0x00000000080011a4                TIM1_BRK_IRQHandler
                0x00000000080011a4                EXTI1_IRQHandler
                0x00000000080011a4                USART2_IRQHandler
                0x00000000080011a4                I2C2_ER_IRQHandler
                0x00000000080011a4                DMA1_Channel2_IRQHandler
                0x00000000080011a4                CAN1_SCE_IRQHandler
                0x00000000080011a4                FLASH_IRQHandler
                0x00000000080011a4                I2C1_ER_IRQHandler
                0x00000000080011a4                USBWakeUp_IRQHandler
 *fill*         0x00000000080011a6        0x2 
 .text.HAL_Init
                0x00000000080011a8       0x2c ./Drivers/STM32F1xx_HAL_Driver/Src/stm32f1xx_hal.o
                0x00000000080011a8                HAL_Init
 .text.HAL_InitTick
                0x00000000080011d4       0x60 ./Drivers/STM32F1xx_HAL_Driver/Src/stm32f1xx_hal.o
                0x00000000080011d4                HAL_InitTick
 .text.HAL_IncTick
                0x0000000008001234       0x24 ./Drivers/STM32F1xx_HAL_Driver/Src/stm32f1xx_hal.o
                0x0000000008001234                HAL_IncTick
 .text.HAL_GetTick
                0x0000000008001258       0x14 ./Drivers/STM32F1xx_HAL_Driver/Src/stm32f1xx_hal.o
                0x0000000008001258                HAL_GetTick
 .text.__NVIC_SetPriorityGrouping
                0x000000000800126c       0x48 ./Drivers/STM32F1xx_HAL_Driver/Src/stm32f1xx_hal_cortex.o
 .text.__NVIC_GetPriorityGrouping
                0x00000000080012b4       0x1c ./Drivers/STM32F1xx_HAL_Driver/Src/stm32f1xx_hal_cortex.o
 .text.__NVIC_EnableIRQ
                0x00000000080012d0       0x38 ./Drivers/STM32F1xx_HAL_Driver/Src/stm32f1xx_hal_cortex.o
 .text.__NVIC_SetPriority
                0x0000000008001308       0x54 ./Drivers/STM32F1xx_HAL_Driver/Src/stm32f1xx_hal_cortex.o
 .text.NVIC_EncodePriority
                0x000000000800135c       0x64 ./Drivers/STM32F1xx_HAL_Driver/Src/stm32f1xx_hal_cortex.o
 .text.SysTick_Config
                0x00000000080013c0       0x44 ./Drivers/STM32F1xx_HAL_Driver/Src/stm32f1xx_hal_cortex.o
 .text.HAL_NVIC_SetPriorityGrouping
                0x0000000008001404       0x16 ./Drivers/STM32F1xx_HAL_Driver/Src/stm32f1xx_hal_cortex.o
                0x0000000008001404                HAL_NVIC_SetPriorityGrouping
 .text.HAL_NVIC_SetPriority
                0x000000000800141a       0x38 ./Drivers/STM32F1xx_HAL_Driver/Src/stm32f1xx_hal_cortex.o
                0x000000000800141a                HAL_NVIC_SetPriority
 .text.HAL_NVIC_EnableIRQ
                0x0000000008001452       0x1c ./Drivers/STM32F1xx_HAL_Driver/Src/stm32f1xx_hal_cortex.o
                0x0000000008001452                HAL_NVIC_EnableIRQ
 .text.HAL_SYSTICK_Config
                0x000000000800146e       0x18 ./Drivers/STM32F1xx_HAL_Driver/Src/stm32f1xx_hal_cortex.o
                0x000000000800146e                HAL_SYSTICK_Config
 .text.HAL_DMA_Abort
                0x0000000008001486       0x76 ./Drivers/STM32F1xx_HAL_Driver/Src/stm32f1xx_hal_dma.o
                0x0000000008001486                HAL_DMA_Abort
 .text.HAL_DMA_Abort_IT
                0x00000000080014fc       0xf0 ./Drivers/STM32F1xx_HAL_Driver/Src/stm32f1xx_hal_dma.o
                0x00000000080014fc                HAL_DMA_Abort_IT
 .text.HAL_GPIO_Init
                0x00000000080015ec      0x308 ./Drivers/STM32F1xx_HAL_Driver/Src/stm32f1xx_hal_gpio.o
                0x00000000080015ec                HAL_GPIO_Init
 .text.HAL_GPIO_ReadPin
                0x00000000080018f4       0x2e ./Drivers/STM32F1xx_HAL_Driver/Src/stm32f1xx_hal_gpio.o
                0x00000000080018f4                HAL_GPIO_ReadPin
 .text.HAL_GPIO_WritePin
                0x0000000008001922       0x30 ./Drivers/STM32F1xx_HAL_Driver/Src/stm32f1xx_hal_gpio.o
                0x0000000008001922                HAL_GPIO_WritePin
 .text.HAL_PCD_Init
                0x0000000008001952      0x1fe ./Drivers/STM32F1xx_HAL_Driver/Src/stm32f1xx_hal_pcd.o
                0x0000000008001952                HAL_PCD_Init
 .text.HAL_PCD_Start
                0x0000000008001b50       0x4c ./Drivers/STM32F1xx_HAL_Driver/Src/stm32f1xx_hal_pcd.o
                0x0000000008001b50                HAL_PCD_Start
 .text.HAL_PCD_IRQHandler
                0x0000000008001b9c      0x260 ./Drivers/STM32F1xx_HAL_Driver/Src/stm32f1xx_hal_pcd.o
                0x0000000008001b9c                HAL_PCD_IRQHandler
 .text.HAL_PCD_SetAddress
                0x0000000008001dfc       0x4a ./Drivers/STM32F1xx_HAL_Driver/Src/stm32f1xx_hal_pcd.o
                0x0000000008001dfc                HAL_PCD_SetAddress
 .text.HAL_PCD_EP_Open
                0x0000000008001e46       0xba ./Drivers/STM32F1xx_HAL_Driver/Src/stm32f1xx_hal_pcd.o
                0x0000000008001e46                HAL_PCD_EP_Open
 .text.HAL_PCD_EP_Close
                0x0000000008001f00       0x90 ./Drivers/STM32F1xx_HAL_Driver/Src/stm32f1xx_hal_pcd.o
                0x0000000008001f00                HAL_PCD_EP_Close
 .text.HAL_PCD_EP_Receive
                0x0000000008001f90       0x62 ./Drivers/STM32F1xx_HAL_Driver/Src/stm32f1xx_hal_pcd.o
                0x0000000008001f90                HAL_PCD_EP_Receive
 .text.HAL_PCD_EP_GetRxCount
                0x0000000008001ff2       0x2e ./Drivers/STM32F1xx_HAL_Driver/Src/stm32f1xx_hal_pcd.o
                0x0000000008001ff2                HAL_PCD_EP_GetRxCount
 .text.HAL_PCD_EP_Transmit
                0x0000000008002020       0x6e ./Drivers/STM32F1xx_HAL_Driver/Src/stm32f1xx_hal_pcd.o
                0x0000000008002020                HAL_PCD_EP_Transmit
 .text.HAL_PCD_EP_SetStall
                0x000000000800208e       0xc0 ./Drivers/STM32F1xx_HAL_Driver/Src/stm32f1xx_hal_pcd.o
                0x000000000800208e                HAL_PCD_EP_SetStall
 .text.HAL_PCD_EP_ClrStall
                0x000000000800214e       0xa8 ./Drivers/STM32F1xx_HAL_Driver/Src/stm32f1xx_hal_pcd.o
                0x000000000800214e                HAL_PCD_EP_ClrStall
 .text.PCD_EP_ISR_Handler
                0x00000000080021f6      0x7a6 ./Drivers/STM32F1xx_HAL_Driver/Src/stm32f1xx_hal_pcd.o
 .text.HAL_PCD_EP_DB_Receive
                0x000000000800299c      0x21a ./Drivers/STM32F1xx_HAL_Driver/Src/stm32f1xx_hal_pcd.o
 .text.HAL_PCD_EP_DB_Transmit
                0x0000000008002bb6      0x7f4 ./Drivers/STM32F1xx_HAL_Driver/Src/stm32f1xx_hal_pcd.o
 .text.HAL_PCDEx_PMAConfig
                0x00000000080033aa       0x84 ./Drivers/STM32F1xx_HAL_Driver/Src/stm32f1xx_hal_pcd_ex.o
                0x00000000080033aa                HAL_PCDEx_PMAConfig
 *fill*         0x000000000800342e        0x2 
 .text.HAL_RCC_OscConfig
                0x0000000008003430      0x504 ./Drivers/STM32F1xx_HAL_Driver/Src/stm32f1xx_hal_rcc.o
                0x0000000008003430                HAL_RCC_OscConfig
 .text.HAL_RCC_ClockConfig
                0x0000000008003934      0x1d4 ./Drivers/STM32F1xx_HAL_Driver/Src/stm32f1xx_hal_rcc.o
                0x0000000008003934                HAL_RCC_ClockConfig
 .text.HAL_RCC_GetSysClockFreq
                0x0000000008003b08       0xa8 ./Drivers/STM32F1xx_HAL_Driver/Src/stm32f1xx_hal_rcc.o
                0x0000000008003b08                HAL_RCC_GetSysClockFreq
 .text.HAL_RCC_GetHCLKFreq
                0x0000000008003bb0       0x14 ./Drivers/STM32F1xx_HAL_Driver/Src/stm32f1xx_hal_rcc.o
                0x0000000008003bb0                HAL_RCC_GetHCLKFreq
 .text.HAL_RCC_GetPCLK1Freq
                0x0000000008003bc4       0x28 ./Drivers/STM32F1xx_HAL_Driver/Src/stm32f1xx_hal_rcc.o
                0x0000000008003bc4                HAL_RCC_GetPCLK1Freq
 .text.HAL_RCC_GetPCLK2Freq
                0x0000000008003bec       0x28 ./Drivers/STM32F1xx_HAL_Driver/Src/stm32f1xx_hal_rcc.o
                0x0000000008003bec                HAL_RCC_GetPCLK2Freq
 .text.RCC_Delay
                0x0000000008003c14       0x3c ./Drivers/STM32F1xx_HAL_Driver/Src/stm32f1xx_hal_rcc.o
 .text.HAL_RCCEx_PeriphCLKConfig
                0x0000000008003c50      0x16c ./Drivers/STM32F1xx_HAL_Driver/Src/stm32f1xx_hal_rcc_ex.o
                0x0000000008003c50                HAL_RCCEx_PeriphCLKConfig
 .text.HAL_TIM_Base_Init
                0x0000000008003dbc       0x9e ./Drivers/STM32F1xx_HAL_Driver/Src/stm32f1xx_hal_tim.o
                0x0000000008003dbc                HAL_TIM_Base_Init
 *fill*         0x0000000008003e5a        0x2 
 .text.HAL_TIM_Base_Start_IT
                0x0000000008003e5c       0xa4 ./Drivers/STM32F1xx_HAL_Driver/Src/stm32f1xx_hal_tim.o
                0x0000000008003e5c                HAL_TIM_Base_Start_IT
 .text.HAL_TIM_IRQHandler
                0x0000000008003f00      0x210 ./Drivers/STM32F1xx_HAL_Driver/Src/stm32f1xx_hal_tim.o
                0x0000000008003f00                HAL_TIM_IRQHandler
 .text.HAL_TIM_ConfigClockSource
                0x0000000008004110      0x18e ./Drivers/STM32F1xx_HAL_Driver/Src/stm32f1xx_hal_tim.o
                0x0000000008004110                HAL_TIM_ConfigClockSource
 .text.HAL_TIM_OC_DelayElapsedCallback
                0x000000000800429e       0x12 ./Drivers/STM32F1xx_HAL_Driver/Src/stm32f1xx_hal_tim.o
                0x000000000800429e                HAL_TIM_OC_DelayElapsedCallback
 .text.HAL_TIM_IC_CaptureCallback
                0x00000000080042b0       0x12 ./Drivers/STM32F1xx_HAL_Driver/Src/stm32f1xx_hal_tim.o
                0x00000000080042b0                HAL_TIM_IC_CaptureCallback
 .text.HAL_TIM_PWM_PulseFinishedCallback
                0x00000000080042c2       0x12 ./Drivers/STM32F1xx_HAL_Driver/Src/stm32f1xx_hal_tim.o
                0x00000000080042c2                HAL_TIM_PWM_PulseFinishedCallback
 .text.HAL_TIM_TriggerCallback
                0x00000000080042d4       0x12 ./Drivers/STM32F1xx_HAL_Driver/Src/stm32f1xx_hal_tim.o
                0x00000000080042d4                HAL_TIM_TriggerCallback
 *fill*         0x00000000080042e6        0x2 
 .text.TIM_Base_SetConfig
                0x00000000080042e8       0xc4 ./Drivers/STM32F1xx_HAL_Driver/Src/stm32f1xx_hal_tim.o
                0x00000000080042e8                TIM_Base_SetConfig
 .text.TIM_TI1_ConfigInputStage
                0x00000000080043ac       0x5c ./Drivers/STM32F1xx_HAL_Driver/Src/stm32f1xx_hal_tim.o
 .text.TIM_TI2_ConfigInputStage
                0x0000000008004408       0x5e ./Drivers/STM32F1xx_HAL_Driver/Src/stm32f1xx_hal_tim.o
 .text.TIM_ITRx_SetConfig
                0x0000000008004466       0x34 ./Drivers/STM32F1xx_HAL_Driver/Src/stm32f1xx_hal_tim.o
 .text.TIM_ETR_SetConfig
                0x000000000800449a       0x3e ./Drivers/STM32F1xx_HAL_Driver/Src/stm32f1xx_hal_tim.o
                0x000000000800449a                TIM_ETR_SetConfig
 .text.HAL_TIMEx_MasterConfigSynchronization
                0x00000000080044d8       0xbc ./Drivers/STM32F1xx_HAL_Driver/Src/stm32f1xx_hal_tim_ex.o
                0x00000000080044d8                HAL_TIMEx_MasterConfigSynchronization
 .text.HAL_TIMEx_CommutCallback
                0x0000000008004594       0x12 ./Drivers/STM32F1xx_HAL_Driver/Src/stm32f1xx_hal_tim_ex.o
                0x0000000008004594                HAL_TIMEx_CommutCallback
 .text.HAL_TIMEx_BreakCallback
                0x00000000080045a6       0x12 ./Drivers/STM32F1xx_HAL_Driver/Src/stm32f1xx_hal_tim_ex.o
                0x00000000080045a6                HAL_TIMEx_BreakCallback
 .text.HAL_UART_Init
                0x00000000080045b8       0xa0 ./Drivers/STM32F1xx_HAL_Driver/Src/stm32f1xx_hal_uart.o
                0x00000000080045b8                HAL_UART_Init
 .text.HAL_UART_Receive_IT
                0x0000000008004658       0x4a ./Drivers/STM32F1xx_HAL_Driver/Src/stm32f1xx_hal_uart.o
                0x0000000008004658                HAL_UART_Receive_IT
 *fill*         0x00000000080046a2        0x2 
 .text.HAL_UART_IRQHandler
                0x00000000080046a4      0x524 ./Drivers/STM32F1xx_HAL_Driver/Src/stm32f1xx_hal_uart.o
                0x00000000080046a4                HAL_UART_IRQHandler
 .text.HAL_UART_TxCpltCallback
                0x0000000008004bc8       0x12 ./Drivers/STM32F1xx_HAL_Driver/Src/stm32f1xx_hal_uart.o
                0x0000000008004bc8                HAL_UART_TxCpltCallback
 .text.HAL_UART_ErrorCallback
                0x0000000008004bda       0x12 ./Drivers/STM32F1xx_HAL_Driver/Src/stm32f1xx_hal_uart.o
                0x0000000008004bda                HAL_UART_ErrorCallback
 .text.HAL_UARTEx_RxEventCallback
                0x0000000008004bec       0x16 ./Drivers/STM32F1xx_HAL_Driver/Src/stm32f1xx_hal_uart.o
                0x0000000008004bec                HAL_UARTEx_RxEventCallback
 .text.UART_Start_Receive_IT
                0x0000000008004c02       0x72 ./Drivers/STM32F1xx_HAL_Driver/Src/stm32f1xx_hal_uart.o
                0x0000000008004c02                UART_Start_Receive_IT
 .text.UART_EndRxTransfer
                0x0000000008004c74       0xc4 ./Drivers/STM32F1xx_HAL_Driver/Src/stm32f1xx_hal_uart.o
 .text.UART_DMAAbortOnError
                0x0000000008004d38       0x28 ./Drivers/STM32F1xx_HAL_Driver/Src/stm32f1xx_hal_uart.o
 .text.UART_Transmit_IT
                0x0000000008004d60       0x9e ./Drivers/STM32F1xx_HAL_Driver/Src/stm32f1xx_hal_uart.o
 .text.UART_EndTransmit_IT
                0x0000000008004dfe       0x30 ./Drivers/STM32F1xx_HAL_Driver/Src/stm32f1xx_hal_uart.o
 .text.UART_Receive_IT
                0x0000000008004e2e      0x17c ./Drivers/STM32F1xx_HAL_Driver/Src/stm32f1xx_hal_uart.o
 *fill*         0x0000000008004faa        0x2 
 .text.UART_SetConfig
                0x0000000008004fac      0x11c ./Drivers/STM32F1xx_HAL_Driver/Src/stm32f1xx_hal_uart.o
 .text.USB_CoreInit
                0x00000000080050c8       0x20 ./Drivers/STM32F1xx_HAL_Driver/Src/stm32f1xx_ll_usb.o
                0x00000000080050c8                USB_CoreInit
 .text.USB_EnableGlobalInt
                0x00000000080050e8       0x2c ./Drivers/STM32F1xx_HAL_Driver/Src/stm32f1xx_ll_usb.o
                0x00000000080050e8                USB_EnableGlobalInt
 .text.USB_DisableGlobalInt
                0x0000000008005114       0x34 ./Drivers/STM32F1xx_HAL_Driver/Src/stm32f1xx_ll_usb.o
                0x0000000008005114                USB_DisableGlobalInt
 .text.USB_SetCurrentMode
                0x0000000008005148       0x18 ./Drivers/STM32F1xx_HAL_Driver/Src/stm32f1xx_ll_usb.o
                0x0000000008005148                USB_SetCurrentMode
 .text.USB_DevInit
                0x0000000008005160       0x40 ./Drivers/STM32F1xx_HAL_Driver/Src/stm32f1xx_ll_usb.o
                0x0000000008005160                USB_DevInit
 .text.USB_ActivateEndpoint
                0x00000000080051a0      0x780 ./Drivers/STM32F1xx_HAL_Driver/Src/stm32f1xx_ll_usb.o
                0x00000000080051a0                USB_ActivateEndpoint
 .text.USB_DeactivateEndpoint
                0x0000000008005920      0x3d8 ./Drivers/STM32F1xx_HAL_Driver/Src/stm32f1xx_ll_usb.o
                0x0000000008005920                USB_DeactivateEndpoint
 .text.USB_EPStartXfer
                0x0000000008005cf8     0x1762 ./Drivers/STM32F1xx_HAL_Driver/Src/stm32f1xx_ll_usb.o
                0x0000000008005cf8                USB_EPStartXfer
 .text.USB_EPSetStall
                0x000000000800745a       0xa0 ./Drivers/STM32F1xx_HAL_Driver/Src/stm32f1xx_ll_usb.o
                0x000000000800745a                USB_EPSetStall
 .text.USB_EPClearStall
                0x00000000080074fa      0x15a ./Drivers/STM32F1xx_HAL_Driver/Src/stm32f1xx_ll_usb.o
                0x00000000080074fa                USB_EPClearStall
 .text.USB_SetDevAddress
                0x0000000008007654       0x26 ./Drivers/STM32F1xx_HAL_Driver/Src/stm32f1xx_ll_usb.o
                0x0000000008007654                USB_SetDevAddress
 .text.USB_DevConnect
                0x000000000800767a       0x14 ./Drivers/STM32F1xx_HAL_Driver/Src/stm32f1xx_ll_usb.o
                0x000000000800767a                USB_DevConnect
 .text.USB_DevDisconnect
                0x000000000800768e       0x14 ./Drivers/STM32F1xx_HAL_Driver/Src/stm32f1xx_ll_usb.o
                0x000000000800768e                USB_DevDisconnect
 .text.USB_ReadInterrupts
                0x00000000080076a2       0x1e ./Drivers/STM32F1xx_HAL_Driver/Src/stm32f1xx_ll_usb.o
                0x00000000080076a2                USB_ReadInterrupts
 .text.USB_EP0_OutStart
                0x00000000080076c0       0x16 ./Drivers/STM32F1xx_HAL_Driver/Src/stm32f1xx_ll_usb.o
                0x00000000080076c0                USB_EP0_OutStart
 .text.USB_WritePMA
                0x00000000080076d6       0x8a ./Drivers/STM32F1xx_HAL_Driver/Src/stm32f1xx_ll_usb.o
                0x00000000080076d6                USB_WritePMA
 .text.USB_ReadPMA
                0x0000000008007760       0x9e ./Drivers/STM32F1xx_HAL_Driver/Src/stm32f1xx_ll_usb.o
                0x0000000008007760                USB_ReadPMA
 .text.USBD_CDC_Init
                0x00000000080077fe       0xf4 ./Middlewares/ST/STM32_USB_Device_Library/Class/CDC/Src/usbd_cdc.o
 .text.USBD_CDC_DeInit
                0x00000000080078f2       0x6e ./Middlewares/ST/STM32_USB_Device_Library/Class/CDC/Src/usbd_cdc.o
 .text.USBD_CDC_Setup
                0x0000000008007960      0x146 ./Middlewares/ST/STM32_USB_Device_Library/Class/CDC/Src/usbd_cdc.o
 .text.USBD_CDC_DataIn
                0x0000000008007aa6       0xa6 ./Middlewares/ST/STM32_USB_Device_Library/Class/CDC/Src/usbd_cdc.o
 .text.USBD_CDC_DataOut
                0x0000000008007b4c       0x56 ./Middlewares/ST/STM32_USB_Device_Library/Class/CDC/Src/usbd_cdc.o
 .text.USBD_CDC_EP0_RxReady
                0x0000000008007ba2       0x50 ./Middlewares/ST/STM32_USB_Device_Library/Class/CDC/Src/usbd_cdc.o
 *fill*         0x0000000008007bf2        0x2 
 .text.USBD_CDC_GetFSCfgDesc
                0x0000000008007bf4       0x20 ./Middlewares/ST/STM32_USB_Device_Library/Class/CDC/Src/usbd_cdc.o
 .text.USBD_CDC_GetHSCfgDesc
                0x0000000008007c14       0x20 ./Middlewares/ST/STM32_USB_Device_Library/Class/CDC/Src/usbd_cdc.o
 .text.USBD_CDC_GetOtherSpeedCfgDesc
                0x0000000008007c34       0x20 ./Middlewares/ST/STM32_USB_Device_Library/Class/CDC/Src/usbd_cdc.o
 .text.USBD_CDC_GetDeviceQualifierDescriptor
                0x0000000008007c54       0x20 ./Middlewares/ST/STM32_USB_Device_Library/Class/CDC/Src/usbd_cdc.o
                0x0000000008007c54                USBD_CDC_GetDeviceQualifierDescriptor
 .text.USBD_CDC_RegisterInterface
                0x0000000008007c74       0x2c ./Middlewares/ST/STM32_USB_Device_Library/Class/CDC/Src/usbd_cdc.o
                0x0000000008007c74                USBD_CDC_RegisterInterface
 .text.USBD_CDC_SetTxBuffer
                0x0000000008007ca0       0x32 ./Middlewares/ST/STM32_USB_Device_Library/Class/CDC/Src/usbd_cdc.o
                0x0000000008007ca0                USBD_CDC_SetTxBuffer
 .text.USBD_CDC_SetRxBuffer
                0x0000000008007cd2       0x26 ./Middlewares/ST/STM32_USB_Device_Library/Class/CDC/Src/usbd_cdc.o
                0x0000000008007cd2                USBD_CDC_SetRxBuffer
 .text.USBD_CDC_TransmitPacket
                0x0000000008007cf8       0x5e ./Middlewares/ST/STM32_USB_Device_Library/Class/CDC/Src/usbd_cdc.o
                0x0000000008007cf8                USBD_CDC_TransmitPacket
 .text.USBD_CDC_ReceivePacket
                0x0000000008007d56       0x54 ./Middlewares/ST/STM32_USB_Device_Library/Class/CDC/Src/usbd_cdc.o
                0x0000000008007d56                USBD_CDC_ReceivePacket
 .text.USBD_Init
                0x0000000008007daa       0x56 ./Middlewares/ST/STM32_USB_Device_Library/Core/Src/usbd_core.o
                0x0000000008007daa                USBD_Init
 .text.USBD_RegisterClass
                0x0000000008007e00       0x32 ./Middlewares/ST/STM32_USB_Device_Library/Core/Src/usbd_core.o
                0x0000000008007e00                USBD_RegisterClass
 .text.USBD_Start
                0x0000000008007e32       0x18 ./Middlewares/ST/STM32_USB_Device_Library/Core/Src/usbd_core.o
                0x0000000008007e32                USBD_Start
 .text.USBD_RunTestMode
                0x0000000008007e4a       0x14 ./Middlewares/ST/STM32_USB_Device_Library/Core/Src/usbd_core.o
                0x0000000008007e4a                USBD_RunTestMode
 .text.USBD_SetClassConfig
                0x0000000008007e5e       0x3e ./Middlewares/ST/STM32_USB_Device_Library/Core/Src/usbd_core.o
                0x0000000008007e5e                USBD_SetClassConfig
 .text.USBD_ClrClassConfig
                0x0000000008007e9c       0x26 ./Middlewares/ST/STM32_USB_Device_Library/Core/Src/usbd_core.o
                0x0000000008007e9c                USBD_ClrClassConfig
 .text.USBD_LL_SetupStage
                0x0000000008007ec2       0x9a ./Middlewares/ST/STM32_USB_Device_Library/Core/Src/usbd_core.o
                0x0000000008007ec2                USBD_LL_SetupStage
 .text.USBD_LL_DataOutStage
                0x0000000008007f5c       0xe2 ./Middlewares/ST/STM32_USB_Device_Library/Core/Src/usbd_core.o
                0x0000000008007f5c                USBD_LL_DataOutStage
 .text.USBD_LL_DataInStage
                0x000000000800803e      0x14a ./Middlewares/ST/STM32_USB_Device_Library/Core/Src/usbd_core.o
                0x000000000800803e                USBD_LL_DataInStage
 .text.USBD_LL_Reset
                0x0000000008008188       0x82 ./Middlewares/ST/STM32_USB_Device_Library/Core/Src/usbd_core.o
                0x0000000008008188                USBD_LL_Reset
 .text.USBD_LL_SetSpeed
                0x000000000800820a       0x1e ./Middlewares/ST/STM32_USB_Device_Library/Core/Src/usbd_core.o
                0x000000000800820a                USBD_LL_SetSpeed
 .text.USBD_LL_Suspend
                0x0000000008008228       0x28 ./Middlewares/ST/STM32_USB_Device_Library/Core/Src/usbd_core.o
                0x0000000008008228                USBD_LL_Suspend
 .text.USBD_LL_Resume
                0x0000000008008250       0x2a ./Middlewares/ST/STM32_USB_Device_Library/Core/Src/usbd_core.o
                0x0000000008008250                USBD_LL_Resume
 .text.USBD_LL_SOF
                0x000000000800827a       0x34 ./Middlewares/ST/STM32_USB_Device_Library/Core/Src/usbd_core.o
                0x000000000800827a                USBD_LL_SOF
 *fill*         0x00000000080082ae        0x2 
 .text.USBD_StdDevReq
                0x00000000080082b0       0xd4 ./Middlewares/ST/STM32_USB_Device_Library/Core/Src/usbd_ctlreq.o
                0x00000000080082b0                USBD_StdDevReq
 .text.USBD_StdItfReq
                0x0000000008008384       0x90 ./Middlewares/ST/STM32_USB_Device_Library/Core/Src/usbd_ctlreq.o
                0x0000000008008384                USBD_StdItfReq
 .text.USBD_StdEPReq
                0x0000000008008414      0x2c6 ./Middlewares/ST/STM32_USB_Device_Library/Core/Src/usbd_ctlreq.o
                0x0000000008008414                USBD_StdEPReq
 *fill*         0x00000000080086da        0x2 
 .text.USBD_GetDescriptor
                0x00000000080086dc      0x2d0 ./Middlewares/ST/STM32_USB_Device_Library/Core/Src/usbd_ctlreq.o
 .text.USBD_SetAddress
                0x00000000080089ac       0x86 ./Middlewares/ST/STM32_USB_Device_Library/Core/Src/usbd_ctlreq.o
 *fill*         0x0000000008008a32        0x2 
 .text.USBD_SetConfig
                0x0000000008008a34      0x11c ./Middlewares/ST/STM32_USB_Device_Library/Core/Src/usbd_ctlreq.o
 .text.USBD_GetConfig
                0x0000000008008b50       0x6a ./Middlewares/ST/STM32_USB_Device_Library/Core/Src/usbd_ctlreq.o
 .text.USBD_GetStatus
                0x0000000008008bba       0x66 ./Middlewares/ST/STM32_USB_Device_Library/Core/Src/usbd_ctlreq.o
 .text.USBD_SetFeature
                0x0000000008008c20       0x28 ./Middlewares/ST/STM32_USB_Device_Library/Core/Src/usbd_ctlreq.o
 .text.USBD_ClrFeature
                0x0000000008008c48       0x42 ./Middlewares/ST/STM32_USB_Device_Library/Core/Src/usbd_ctlreq.o
 .text.USBD_ParseSetupRequest
                0x0000000008008c8a       0x78 ./Middlewares/ST/STM32_USB_Device_Library/Core/Src/usbd_ctlreq.o
                0x0000000008008c8a                USBD_ParseSetupRequest
 .text.USBD_CtlError
                0x0000000008008d02       0x22 ./Middlewares/ST/STM32_USB_Device_Library/Core/Src/usbd_ctlreq.o
                0x0000000008008d02                USBD_CtlError
 .text.USBD_GetString
                0x0000000008008d24       0x84 ./Middlewares/ST/STM32_USB_Device_Library/Core/Src/usbd_ctlreq.o
                0x0000000008008d24                USBD_GetString
 .text.USBD_GetLen
                0x0000000008008da8       0x2e ./Middlewares/ST/STM32_USB_Device_Library/Core/Src/usbd_ctlreq.o
 .text.USBD_CtlSendData
                0x0000000008008dd6       0x38 ./Middlewares/ST/STM32_USB_Device_Library/Core/Src/usbd_ioreq.o
                0x0000000008008dd6                USBD_CtlSendData
 .text.USBD_CtlContinueSendData
                0x0000000008008e0e       0x24 ./Middlewares/ST/STM32_USB_Device_Library/Core/Src/usbd_ioreq.o
                0x0000000008008e0e                USBD_CtlContinueSendData
 .text.USBD_CtlPrepareRx
                0x0000000008008e32       0x3c ./Middlewares/ST/STM32_USB_Device_Library/Core/Src/usbd_ioreq.o
                0x0000000008008e32                USBD_CtlPrepareRx
 .text.USBD_CtlContinueRx
                0x0000000008008e6e       0x24 ./Middlewares/ST/STM32_USB_Device_Library/Core/Src/usbd_ioreq.o
                0x0000000008008e6e                USBD_CtlContinueRx
 .text.USBD_CtlSendStatus
                0x0000000008008e92       0x26 ./Middlewares/ST/STM32_USB_Device_Library/Core/Src/usbd_ioreq.o
                0x0000000008008e92                USBD_CtlSendStatus
 .text.USBD_CtlReceiveStatus
                0x0000000008008eb8       0x26 ./Middlewares/ST/STM32_USB_Device_Library/Core/Src/usbd_ioreq.o
                0x0000000008008eb8                USBD_CtlReceiveStatus
 *fill*         0x0000000008008ede        0x2 
 .text.MX_USB_DEVICE_Init
                0x0000000008008ee0       0x60 ./USB_DEVICE/App/usb_device.o
                0x0000000008008ee0                MX_USB_DEVICE_Init
 .text.CDC_Init_FS
                0x0000000008008f40       0x28 ./USB_DEVICE/App/usbd_cdc_if.o
 .text.CDC_DeInit_FS
                0x0000000008008f68        0xe ./USB_DEVICE/App/usbd_cdc_if.o
 *fill*         0x0000000008008f76        0x2 
 .text.CDC_Control_FS
                0x0000000008008f78      0x144 ./USB_DEVICE/App/usbd_cdc_if.o
 .text.CDC_Receive_FS
                0x00000000080090bc       0x44 ./USB_DEVICE/App/usbd_cdc_if.o
 .text.CDC_Transmit_FS
                0x0000000008009100       0x4c ./USB_DEVICE/App/usbd_cdc_if.o
                0x0000000008009100                CDC_Transmit_FS
 .text.CDC_AttachRxData
                0x000000000800914c       0x1c ./USB_DEVICE/App/usbd_cdc_if.o
                0x000000000800914c                CDC_AttachRxData
 .text.USBD_FS_DeviceDescriptor
                0x0000000008009168       0x24 ./USB_DEVICE/App/usbd_desc.o
                0x0000000008009168                USBD_FS_DeviceDescriptor
 .text.USBD_FS_LangIDStrDescriptor
                0x000000000800918c       0x24 ./USB_DEVICE/App/usbd_desc.o
                0x000000000800918c                USBD_FS_LangIDStrDescriptor
 .text.USBD_FS_ProductStrDescriptor
                0x00000000080091b0       0x3c ./USB_DEVICE/App/usbd_desc.o
                0x00000000080091b0                USBD_FS_ProductStrDescriptor
 .text.USBD_FS_ManufacturerStrDescriptor
                0x00000000080091ec       0x28 ./USB_DEVICE/App/usbd_desc.o
                0x00000000080091ec                USBD_FS_ManufacturerStrDescriptor
 .text.USBD_FS_SerialStrDescriptor
                0x0000000008009214       0x24 ./USB_DEVICE/App/usbd_desc.o
                0x0000000008009214                USBD_FS_SerialStrDescriptor
 .text.USBD_FS_ConfigStrDescriptor
                0x0000000008009238       0x3c ./USB_DEVICE/App/usbd_desc.o
                0x0000000008009238                USBD_FS_ConfigStrDescriptor
 .text.USBD_FS_InterfaceStrDescriptor
                0x0000000008009274       0x3c ./USB_DEVICE/App/usbd_desc.o
                0x0000000008009274                USBD_FS_InterfaceStrDescriptor
 .text.Get_SerialNum
                0x00000000080092b0       0x58 ./USB_DEVICE/App/usbd_desc.o
 .text.IntToUnicode
                0x0000000008009308       0x7c ./USB_DEVICE/App/usbd_desc.o
 .text.HAL_PCD_MspInit
                0x0000000008009384       0x4c ./USB_DEVICE/Target/usbd_conf.o
                0x0000000008009384                HAL_PCD_MspInit
 .text.HAL_PCD_SetupStageCallback
                0x00000000080093d0       0x24 ./USB_DEVICE/Target/usbd_conf.o
                0x00000000080093d0                HAL_PCD_SetupStageCallback
 .text.HAL_PCD_DataOutStageCallback
                0x00000000080093f4       0x36 ./USB_DEVICE/Target/usbd_conf.o
                0x00000000080093f4                HAL_PCD_DataOutStageCallback
 .text.HAL_PCD_DataInStageCallback
                0x000000000800942a       0x34 ./USB_DEVICE/Target/usbd_conf.o
                0x000000000800942a                HAL_PCD_DataInStageCallback
 .text.HAL_PCD_SOFCallback
                0x000000000800945e       0x1c ./USB_DEVICE/Target/usbd_conf.o
                0x000000000800945e                HAL_PCD_SOFCallback
 .text.HAL_PCD_ResetCallback
                0x000000000800947a       0x3c ./USB_DEVICE/Target/usbd_conf.o
                0x000000000800947a                HAL_PCD_ResetCallback
 *fill*         0x00000000080094b6        0x2 
 .text.HAL_PCD_SuspendCallback
                0x00000000080094b8       0x34 ./USB_DEVICE/Target/usbd_conf.o
                0x00000000080094b8                HAL_PCD_SuspendCallback
 .text.HAL_PCD_ResumeCallback
                0x00000000080094ec       0x1c ./USB_DEVICE/Target/usbd_conf.o
                0x00000000080094ec                HAL_PCD_ResumeCallback
 .text.USBD_LL_Init
                0x0000000008009508       0xb4 ./USB_DEVICE/Target/usbd_conf.o
                0x0000000008009508                USBD_LL_Init
 .text.USBD_LL_Start
                0x00000000080095bc       0x36 ./USB_DEVICE/Target/usbd_conf.o
                0x00000000080095bc                USBD_LL_Start
 .text.USBD_LL_OpenEP
                0x00000000080095f2       0x4c ./USB_DEVICE/Target/usbd_conf.o
                0x00000000080095f2                USBD_LL_OpenEP
 .text.USBD_LL_CloseEP
                0x000000000800963e       0x3e ./USB_DEVICE/Target/usbd_conf.o
                0x000000000800963e                USBD_LL_CloseEP
 .text.USBD_LL_StallEP
                0x000000000800967c       0x3e ./USB_DEVICE/Target/usbd_conf.o
                0x000000000800967c                USBD_LL_StallEP
 .text.USBD_LL_ClearStallEP
                0x00000000080096ba       0x3e ./USB_DEVICE/Target/usbd_conf.o
                0x00000000080096ba                USBD_LL_ClearStallEP
 .text.USBD_LL_IsStallEP
                0x00000000080096f8       0x58 ./USB_DEVICE/Target/usbd_conf.o
                0x00000000080096f8                USBD_LL_IsStallEP
 .text.USBD_LL_SetUSBAddress
                0x0000000008009750       0x3e ./USB_DEVICE/Target/usbd_conf.o
                0x0000000008009750                USBD_LL_SetUSBAddress
 .text.USBD_LL_Transmit
                0x000000000800978e       0x46 ./USB_DEVICE/Target/usbd_conf.o
                0x000000000800978e                USBD_LL_Transmit
 .text.USBD_LL_PrepareReceive
                0x00000000080097d4       0x46 ./USB_DEVICE/Target/usbd_conf.o
                0x00000000080097d4                USBD_LL_PrepareReceive
 .text.USBD_LL_GetRxDataSize
                0x000000000800981a       0x26 ./USB_DEVICE/Target/usbd_conf.o
                0x000000000800981a                USBD_LL_GetRxDataSize
 .text.USBD_static_malloc
                0x0000000008009840       0x18 ./USB_DEVICE/Target/usbd_conf.o
                0x0000000008009840                USBD_static_malloc
 .text.USBD_static_free
                0x0000000008009858       0x12 ./USB_DEVICE/Target/usbd_conf.o
                0x0000000008009858                USBD_static_free
 .text.HAL_PCDEx_SetConnectionState
                0x000000000800986a       0x16 ./USB_DEVICE/Target/usbd_conf.o
                0x000000000800986a                HAL_PCDEx_SetConnectionState
 .text.USBD_Get_USB_Status
                0x0000000008009880       0x58 ./USB_DEVICE/Target/usbd_conf.o
 .text.memset   0x00000000080098d8       0x10 C:/ST/STM32CubeIDE_1.14.1/STM32CubeIDE/plugins/com.st.stm32cube.ide.mcu.externaltools.gnu-tools-for-stm32.11.3.rel1.win32_1.1.100.202309141235/tools/bin/../lib/gcc/arm-none-eabi/11.3.1/../../../../arm-none-eabi/lib/thumb/v7-m/nofp\libc_nano.a(libc_a-memset.o)
                0x00000000080098d8                memset
 .text.__libc_init_array
                0x00000000080098e8       0x48 C:/ST/STM32CubeIDE_1.14.1/STM32CubeIDE/plugins/com.st.stm32cube.ide.mcu.externaltools.gnu-tools-for-stm32.11.3.rel1.win32_1.1.100.202309141235/tools/bin/../lib/gcc/arm-none-eabi/11.3.1/../../../../arm-none-eabi/lib/thumb/v7-m/nofp\libc_nano.a(libc_a-init.o)
                0x00000000080098e8                __libc_init_array
 *(.glue_7)
 .glue_7        0x0000000008009930        0x0 linker stubs
 *(.glue_7t)
 .glue_7t       0x0000000008009930        0x0 linker stubs
 *(.eh_frame)
 .eh_frame      0x0000000008009930        0x0 C:/ST/STM32CubeIDE_1.14.1/STM32CubeIDE/plugins/com.st.stm32cube.ide.mcu.externaltools.gnu-tools-for-stm32.11.3.rel1.win32_1.1.100.202309141235/tools/bin/../lib/gcc/arm-none-eabi/11.3.1/thumb/v7-m/nofp/crtbegin.o
 *(.init)
 .init          0x0000000008009930        0x4 C:/ST/STM32CubeIDE_1.14.1/STM32CubeIDE/plugins/com.st.stm32cube.ide.mcu.externaltools.gnu-tools-for-stm32.11.3.rel1.win32_1.1.100.202309141235/tools/bin/../lib/gcc/arm-none-eabi/11.3.1/thumb/v7-m/nofp/crti.o
                0x0000000008009930                _init
 .init          0x0000000008009934        0x8 C:/ST/STM32CubeIDE_1.14.1/STM32CubeIDE/plugins/com.st.stm32cube.ide.mcu.externaltools.gnu-tools-for-stm32.11.3.rel1.win32_1.1.100.202309141235/tools/bin/../lib/gcc/arm-none-eabi/11.3.1/thumb/v7-m/nofp/crtn.o
 *(.fini)
 .fini          0x000000000800993c        0x4 C:/ST/STM32CubeIDE_1.14.1/STM32CubeIDE/plugins/com.st.stm32cube.ide.mcu.externaltools.gnu-tools-for-stm32.11.3.rel1.win32_1.1.100.202309141235/tools/bin/../lib/gcc/arm-none-eabi/11.3.1/thumb/v7-m/nofp/crti.o
                0x000000000800993c                _fini
 .fini          0x0000000008009940        0x8 C:/ST/STM32CubeIDE_1.14.1/STM32CubeIDE/plugins/com.st.stm32cube.ide.mcu.externaltools.gnu-tools-for-stm32.11.3.rel1.win32_1.1.100.202309141235/tools/bin/../lib/gcc/arm-none-eabi/11.3.1/thumb/v7-m/nofp/crtn.o
                0x0000000008009948                . = ALIGN (0x4)
                0x0000000008009948                _etext = .

.vfp11_veneer   0x0000000008009948        0x0
 .vfp11_veneer  0x0000000008009948        0x0 linker stubs

.v4_bx          0x0000000008009948        0x0
 .v4_bx         0x0000000008009948        0x0 linker stubs

.iplt           0x0000000008009948        0x0
 .iplt          0x0000000008009948        0x0 C:/ST/STM32CubeIDE_1.14.1/STM32CubeIDE/plugins/com.st.stm32cube.ide.mcu.externaltools.gnu-tools-for-stm32.11.3.rel1.win32_1.1.100.202309141235/tools/bin/../lib/gcc/arm-none-eabi/11.3.1/thumb/v7-m/nofp/crtbegin.o

.rodata         0x0000000008009948       0x74
                0x0000000008009948                . = ALIGN (0x4)
 *(.rodata)
 .rodata        0x0000000008009948       0x46 ./USB_DEVICE/App/usbd_desc.o
 *(.rodata*)
 *fill*         0x000000000800998e        0x2 
 .rodata.AHBPrescTable
                0x0000000008009990       0x10 ./Core/Src/system_stm32f1xx.o
                0x0000000008009990                AHBPrescTable
 .rodata.APBPrescTable
                0x00000000080099a0        0x8 ./Core/Src/system_stm32f1xx.o
                0x00000000080099a0                APBPrescTable
 .rodata.aPLLMULFactorTable.1
                0x00000000080099a8       0x10 ./Drivers/STM32F1xx_HAL_Driver/Src/stm32f1xx_hal_rcc.o
 .rodata.aPredivFactorTable.0
                0x00000000080099b8        0x2 ./Drivers/STM32F1xx_HAL_Driver/Src/stm32f1xx_hal_rcc.o
                0x00000000080099bc                . = ALIGN (0x4)
 *fill*         0x00000000080099ba        0x2 

.rel.dyn        0x00000000080099bc        0x0
 .rel.iplt      0x00000000080099bc        0x0 C:/ST/STM32CubeIDE_1.14.1/STM32CubeIDE/plugins/com.st.stm32cube.ide.mcu.externaltools.gnu-tools-for-stm32.11.3.rel1.win32_1.1.100.202309141235/tools/bin/../lib/gcc/arm-none-eabi/11.3.1/thumb/v7-m/nofp/crtbegin.o

.ARM.extab      0x00000000080099bc        0x0
                0x00000000080099bc                . = ALIGN (0x4)
 *(.ARM.extab* .gnu.linkonce.armextab.*)
                0x00000000080099bc                . = ALIGN (0x4)

.ARM            0x00000000080099bc        0x0
                0x00000000080099bc                . = ALIGN (0x4)
                0x00000000080099bc                __exidx_start = .
 *(.ARM.exidx*)
                0x00000000080099bc                __exidx_end = .
                0x00000000080099bc                . = ALIGN (0x4)

.preinit_array  0x00000000080099bc        0x0
                0x00000000080099bc                . = ALIGN (0x4)
                0x00000000080099bc                PROVIDE (__preinit_array_start = .)
 *(.preinit_array*)
                0x00000000080099bc                PROVIDE (__preinit_array_end = .)
                0x00000000080099bc                . = ALIGN (0x4)

.init_array     0x00000000080099bc        0x4
                0x00000000080099bc                . = ALIGN (0x4)
                0x00000000080099bc                PROVIDE (__init_array_start = .)
 *(SORT_BY_NAME(.init_array.*))
 *(.init_array*)
 .init_array    0x00000000080099bc        0x4 C:/ST/STM32CubeIDE_1.14.1/STM32CubeIDE/plugins/com.st.stm32cube.ide.mcu.externaltools.gnu-tools-for-stm32.11.3.rel1.win32_1.1.100.202309141235/tools/bin/../lib/gcc/arm-none-eabi/11.3.1/thumb/v7-m/nofp/crtbegin.o
                0x00000000080099c0                PROVIDE (__init_array_end = .)
                0x00000000080099c0                . = ALIGN (0x4)

.fini_array     0x00000000080099c0        0x4
                0x00000000080099c0                . = ALIGN (0x4)
                [!provide]                        PROVIDE (__fini_array_start = .)
 *(SORT_BY_NAME(.fini_array.*))
 *(.fini_array*)
 .fini_array    0x00000000080099c0        0x4 C:/ST/STM32CubeIDE_1.14.1/STM32CubeIDE/plugins/com.st.stm32cube.ide.mcu.externaltools.gnu-tools-for-stm32.11.3.rel1.win32_1.1.100.202309141235/tools/bin/../lib/gcc/arm-none-eabi/11.3.1/thumb/v7-m/nofp/crtbegin.o
                [!provide]                        PROVIDE (__fini_array_end = .)
                0x00000000080099c4                . = ALIGN (0x4)
                0x00000000080099c4                _sidata = LOADADDR (.data)

.data           0x0000000020000000      0x17c load address 0x00000000080099c4
                0x0000000020000000                . = ALIGN (0x4)
                0x0000000020000000                _sdata = .
 *(.data)
 *(.data*)
 .data.SystemCoreClock
                0x0000000020000000        0x4 ./Core/Src/system_stm32f1xx.o
                0x0000000020000000                SystemCoreClock
 .data.uwTickPrio
                0x0000000020000004        0x4 ./Drivers/STM32F1xx_HAL_Driver/Src/stm32f1xx_hal.o
                0x0000000020000004                uwTickPrio
 .data.uwTickFreq
                0x0000000020000008        0x1 ./Drivers/STM32F1xx_HAL_Driver/Src/stm32f1xx_hal.o
                0x0000000020000008                uwTickFreq
 *fill*         0x0000000020000009        0x3 
 .data.USBD_CDC_DeviceQualifierDesc
                0x000000002000000c        0xa ./Middlewares/ST/STM32_USB_Device_Library/Class/CDC/Src/usbd_cdc.o
 *fill*         0x0000000020000016        0x2 
 .data.USBD_CDC
                0x0000000020000018       0x38 ./Middlewares/ST/STM32_USB_Device_Library/Class/CDC/Src/usbd_cdc.o
                0x0000000020000018                USBD_CDC
 .data.USBD_CDC_CfgHSDesc
                0x0000000020000050       0x43 ./Middlewares/ST/STM32_USB_Device_Library/Class/CDC/Src/usbd_cdc.o
                0x0000000020000050                USBD_CDC_CfgHSDesc
 *fill*         0x0000000020000093        0x1 
 .data.USBD_CDC_CfgFSDesc
                0x0000000020000094       0x43 ./Middlewares/ST/STM32_USB_Device_Library/Class/CDC/Src/usbd_cdc.o
                0x0000000020000094                USBD_CDC_CfgFSDesc
 *fill*         0x00000000200000d7        0x1 
 .data.USBD_CDC_OtherSpeedCfgDesc
                0x00000000200000d8       0x43 ./Middlewares/ST/STM32_USB_Device_Library/Class/CDC/Src/usbd_cdc.o
                0x00000000200000d8                USBD_CDC_OtherSpeedCfgDesc
 *fill*         0x000000002000011b        0x1 
 .data.USBD_Interface_fops_FS
                0x000000002000011c       0x10 ./USB_DEVICE/App/usbd_cdc_if.o
                0x000000002000011c                USBD_Interface_fops_FS
 .data.FS_Desc  0x000000002000012c       0x1c ./USB_DEVICE/App/usbd_desc.o
                0x000000002000012c                FS_Desc
 .data.USBD_FS_DeviceDesc
                0x0000000020000148       0x12 ./USB_DEVICE/App/usbd_desc.o
                0x0000000020000148                USBD_FS_DeviceDesc
 *fill*         0x000000002000015a        0x2 
 .data.USBD_LangIDDesc
                0x000000002000015c        0x4 ./USB_DEVICE/App/usbd_desc.o
                0x000000002000015c                USBD_LangIDDesc
 .data.USBD_StringSerial
                0x0000000020000160       0x1a ./USB_DEVICE/App/usbd_desc.o
                0x0000000020000160                USBD_StringSerial
 *(.RamFunc)
 *(.RamFunc*)
                0x000000002000017c                . = ALIGN (0x4)
 *fill*         0x000000002000017a        0x2 
                0x000000002000017c                _edata = .

.igot.plt       0x000000002000017c        0x0 load address 0x0000000008009b40
 .igot.plt      0x000000002000017c        0x0 C:/ST/STM32CubeIDE_1.14.1/STM32CubeIDE/plugins/com.st.stm32cube.ide.mcu.externaltools.gnu-tools-for-stm32.11.3.rel1.win32_1.1.100.202309141235/tools/bin/../lib/gcc/arm-none-eabi/11.3.1/thumb/v7-m/nofp/crtbegin.o
                0x000000002000017c                . = ALIGN (0x4)

.bss            0x000000002000017c     0x10c8 load address 0x0000000008009b40
                0x000000002000017c                _sbss = .
                0x000000002000017c                __bss_start__ = _sbss
 *(.bss)
 .bss           0x000000002000017c       0x1c C:/ST/STM32CubeIDE_1.14.1/STM32CubeIDE/plugins/com.st.stm32cube.ide.mcu.externaltools.gnu-tools-for-stm32.11.3.rel1.win32_1.1.100.202309141235/tools/bin/../lib/gcc/arm-none-eabi/11.3.1/thumb/v7-m/nofp/crtbegin.o
 *(.bss*)
 .bss.htim1     0x0000000020000198       0x48 ./Core/Src/main.o
                0x0000000020000198                htim1
 .bss.huart1    0x00000000200001e0       0x48 ./Core/Src/main.o
                0x00000000200001e0                huart1
 .bss.mode      0x0000000020000228        0x1 ./Core/Src/main.o
                0x0000000020000228                mode
 .bss.HBintervalWidth
                0x0000000020000229        0x1 ./Core/Src/main.o
                0x0000000020000229                HBintervalWidth
 .bss.time100ms
                0x000000002000022a        0x2 ./Core/Src/main.o
                0x000000002000022a                time100ms
 .bss.time20ms  0x000000002000022c        0x1 ./Core/Src/main.o
                0x000000002000022c                time20ms
 *fill*         0x000000002000022d        0x3 
 .bss.mask      0x0000000020000230        0x4 ./Core/Src/main.o
                0x0000000020000230                mask
 .bss.posicionComand
                0x0000000020000234        0x1 ./Core/Src/main.o
                0x0000000020000234                posicionComand
 .bss.estadoProtocolo
                0x0000000020000235        0x1 ./Core/Src/main.o
                0x0000000020000235                estadoProtocolo
 *fill*         0x0000000020000236        0x2 
 .bss.datosComSerie
                0x0000000020000238      0x206 ./Core/Src/main.o
                0x0000000020000238                datosComSerie
 *fill*         0x000000002000043e        0x2 
 .bss.datosComWifi
                0x0000000020000440      0x206 ./Core/Src/main.o
                0x0000000020000440                datosComWifi
 *fill*         0x0000000020000646        0x2 
 .bss.myFlags0  0x0000000020000648        0x1 ./Core/Src/main.o
                0x0000000020000648                myFlags0
 *fill*         0x0000000020000649        0x3 
 .bss.myButtons
                0x000000002000064c        0xc ./Core/Src/main.o
                0x000000002000064c                myButtons
 .bss.rxUSBData
                0x0000000020000658        0x1 ./Core/Src/main.o
                0x0000000020000658                rxUSBData
 .bss.newData   0x0000000020000659        0x1 ./Core/Src/main.o
                0x0000000020000659                newData
 .bss.move.1    0x000000002000065a        0x1 ./Core/Src/main.o
 .bss.nBytes.0  0x000000002000065b        0x1 ./Core/Src/main.o
 .bss.uwTick    0x000000002000065c        0x4 ./Drivers/STM32F1xx_HAL_Driver/Src/stm32f1xx_hal.o
                0x000000002000065c                uwTick
 .bss.cfgidx.0  0x0000000020000660        0x1 ./Middlewares/ST/STM32_USB_Device_Library/Core/Src/usbd_ctlreq.o
 *fill*         0x0000000020000661        0x3 
 .bss.hUsbDeviceFS
                0x0000000020000664      0x2c4 ./USB_DEVICE/App/usb_device.o
                0x0000000020000664                hUsbDeviceFS
 .bss.UserRxBufferFS
                0x0000000020000928      0x100 ./USB_DEVICE/App/usbd_cdc_if.o
                0x0000000020000928                UserRxBufferFS
 .bss.UserTxBufferFS
                0x0000000020000a28      0x100 ./USB_DEVICE/App/usbd_cdc_if.o
                0x0000000020000a28                UserTxBufferFS
 .bss.myLineCodeBuf
                0x0000000020000b28        0x7 ./USB_DEVICE/App/usbd_cdc_if.o
                0x0000000020000b28                myLineCodeBuf
 *fill*         0x0000000020000b2f        0x1 
 .bss.aPtrFunRx
                0x0000000020000b30        0x4 ./USB_DEVICE/App/usbd_cdc_if.o
 .bss.USBD_StrDesc
                0x0000000020000b34      0x200 ./USB_DEVICE/App/usbd_desc.o
                0x0000000020000b34                USBD_StrDesc
 .bss.hpcd_USB_FS
                0x0000000020000d34      0x2f0 ./USB_DEVICE/Target/usbd_conf.o
                0x0000000020000d34                hpcd_USB_FS
 .bss.mem.0     0x0000000020001024      0x220 ./USB_DEVICE/Target/usbd_conf.o
 *(COMMON)
                0x0000000020001244                . = ALIGN (0x4)
                0x0000000020001244                _ebss = .
                0x0000000020001244                __bss_end__ = _ebss

._user_heap_stack
                0x0000000020001244      0x604 load address 0x0000000008009b40
                0x0000000020001248                . = ALIGN (0x8)
 *fill*         0x0000000020001244        0x4 
                [!provide]                        PROVIDE (end = .)
                0x0000000020001248                PROVIDE (_end = .)
                0x0000000020001448                . = (. + _Min_Heap_Size)
 *fill*         0x0000000020001248      0x200 
                0x0000000020001848                . = (. + _Min_Stack_Size)
 *fill*         0x0000000020001448      0x400 
                0x0000000020001848                . = ALIGN (0x8)

/DISCARD/
 libc.a(*)
 libm.a(*)
 libgcc.a(*)

.ARM.attributes
                0x0000000000000000       0x29
 *(.ARM.attributes)
 .ARM.attributes
                0x0000000000000000       0x1d C:/ST/STM32CubeIDE_1.14.1/STM32CubeIDE/plugins/com.st.stm32cube.ide.mcu.externaltools.gnu-tools-for-stm32.11.3.rel1.win32_1.1.100.202309141235/tools/bin/../lib/gcc/arm-none-eabi/11.3.1/thumb/v7-m/nofp/crti.o
 .ARM.attributes
                0x000000000000001d       0x2d C:/ST/STM32CubeIDE_1.14.1/STM32CubeIDE/plugins/com.st.stm32cube.ide.mcu.externaltools.gnu-tools-for-stm32.11.3.rel1.win32_1.1.100.202309141235/tools/bin/../lib/gcc/arm-none-eabi/11.3.1/thumb/v7-m/nofp/crtbegin.o
 .ARM.attributes
                0x000000000000004a       0x2d ./Core/Src/main.o
 .ARM.attributes
                0x0000000000000077       0x2d ./Core/Src/stm32f1xx_hal_msp.o
 .ARM.attributes
                0x00000000000000a4       0x2d ./Core/Src/stm32f1xx_it.o
 .ARM.attributes
                0x00000000000000d1       0x2d ./Core/Src/system_stm32f1xx.o
 .ARM.attributes
                0x00000000000000fe       0x21 ./Core/Startup/startup_stm32f103c8tx.o
 .ARM.attributes
                0x000000000000011f       0x2d ./Drivers/STM32F1xx_HAL_Driver/Src/stm32f1xx_hal.o
 .ARM.attributes
                0x000000000000014c       0x2d ./Drivers/STM32F1xx_HAL_Driver/Src/stm32f1xx_hal_cortex.o
 .ARM.attributes
                0x0000000000000179       0x2d ./Drivers/STM32F1xx_HAL_Driver/Src/stm32f1xx_hal_dma.o
 .ARM.attributes
                0x00000000000001a6       0x2d ./Drivers/STM32F1xx_HAL_Driver/Src/stm32f1xx_hal_gpio.o
 .ARM.attributes
                0x00000000000001d3       0x2d ./Drivers/STM32F1xx_HAL_Driver/Src/stm32f1xx_hal_pcd.o
 .ARM.attributes
                0x0000000000000200       0x2d ./Drivers/STM32F1xx_HAL_Driver/Src/stm32f1xx_hal_pcd_ex.o
 .ARM.attributes
                0x000000000000022d       0x2d ./Drivers/STM32F1xx_HAL_Driver/Src/stm32f1xx_hal_rcc.o
 .ARM.attributes
                0x000000000000025a       0x2d ./Drivers/STM32F1xx_HAL_Driver/Src/stm32f1xx_hal_rcc_ex.o
 .ARM.attributes
                0x0000000000000287       0x2d ./Drivers/STM32F1xx_HAL_Driver/Src/stm32f1xx_hal_tim.o
 .ARM.attributes
                0x00000000000002b4       0x2d ./Drivers/STM32F1xx_HAL_Driver/Src/stm32f1xx_hal_tim_ex.o
 .ARM.attributes
                0x00000000000002e1       0x2d ./Drivers/STM32F1xx_HAL_Driver/Src/stm32f1xx_hal_uart.o
 .ARM.attributes
                0x000000000000030e       0x2d ./Drivers/STM32F1xx_HAL_Driver/Src/stm32f1xx_ll_usb.o
 .ARM.attributes
                0x000000000000033b       0x2d ./Middlewares/ST/STM32_USB_Device_Library/Class/CDC/Src/usbd_cdc.o
 .ARM.attributes
                0x0000000000000368       0x2d ./Middlewares/ST/STM32_USB_Device_Library/Core/Src/usbd_core.o
 .ARM.attributes
                0x0000000000000395       0x2d ./Middlewares/ST/STM32_USB_Device_Library/Core/Src/usbd_ctlreq.o
 .ARM.attributes
                0x00000000000003c2       0x2d ./Middlewares/ST/STM32_USB_Device_Library/Core/Src/usbd_ioreq.o
 .ARM.attributes
                0x00000000000003ef       0x2d ./USB_DEVICE/App/usb_device.o
 .ARM.attributes
                0x000000000000041c       0x2d ./USB_DEVICE/App/usbd_cdc_if.o
 .ARM.attributes
                0x0000000000000449       0x2d ./USB_DEVICE/App/usbd_desc.o
 .ARM.attributes
                0x0000000000000476       0x2d ./USB_DEVICE/Target/usbd_conf.o
 .ARM.attributes
                0x00000000000004a3       0x2d C:/ST/STM32CubeIDE_1.14.1/STM32CubeIDE/plugins/com.st.stm32cube.ide.mcu.externaltools.gnu-tools-for-stm32.11.3.rel1.win32_1.1.100.202309141235/tools/bin/../lib/gcc/arm-none-eabi/11.3.1/../../../../arm-none-eabi/lib/thumb/v7-m/nofp\libc_nano.a(libc_a-memset.o)
 .ARM.attributes
                0x00000000000004d0       0x2d C:/ST/STM32CubeIDE_1.14.1/STM32CubeIDE/plugins/com.st.stm32cube.ide.mcu.externaltools.gnu-tools-for-stm32.11.3.rel1.win32_1.1.100.202309141235/tools/bin/../lib/gcc/arm-none-eabi/11.3.1/../../../../arm-none-eabi/lib/thumb/v7-m/nofp\libc_nano.a(libc_a-init.o)
 .ARM.attributes
                0x00000000000004fd       0x1d C:/ST/STM32CubeIDE_1.14.1/STM32CubeIDE/plugins/com.st.stm32cube.ide.mcu.externaltools.gnu-tools-for-stm32.11.3.rel1.win32_1.1.100.202309141235/tools/bin/../lib/gcc/arm-none-eabi/11.3.1/thumb/v7-m/nofp/crtn.o
OUTPUT(proyectoSTM32_1.elf elf32-littlearm)
LOAD linker stubs
LOAD C:/ST/STM32CubeIDE_1.14.1/STM32CubeIDE/plugins/com.st.stm32cube.ide.mcu.externaltools.gnu-tools-for-stm32.11.3.rel1.win32_1.1.100.202309141235/tools/bin/../lib/gcc/arm-none-eabi/11.3.1/../../../../arm-none-eabi/lib/thumb/v7-m/nofp\libc.a
LOAD C:/ST/STM32CubeIDE_1.14.1/STM32CubeIDE/plugins/com.st.stm32cube.ide.mcu.externaltools.gnu-tools-for-stm32.11.3.rel1.win32_1.1.100.202309141235/tools/bin/../lib/gcc/arm-none-eabi/11.3.1/../../../../arm-none-eabi/lib/thumb/v7-m/nofp\libm.a
LOAD C:/ST/STM32CubeIDE_1.14.1/STM32CubeIDE/plugins/com.st.stm32cube.ide.mcu.externaltools.gnu-tools-for-stm32.11.3.rel1.win32_1.1.100.202309141235/tools/bin/../lib/gcc/arm-none-eabi/11.3.1/thumb/v7-m/nofp\libgcc.a

.comment        0x0000000000000000       0x43
 .comment       0x0000000000000000       0x43 C:/ST/STM32CubeIDE_1.14.1/STM32CubeIDE/plugins/com.st.stm32cube.ide.mcu.externaltools.gnu-tools-for-stm32.11.3.rel1.win32_1.1.100.202309141235/tools/bin/../lib/gcc/arm-none-eabi/11.3.1/thumb/v7-m/nofp/crtbegin.o
                                         0x44 (size before relaxing)
 .comment       0x0000000000000043       0x44 ./Core/Src/main.o
 .comment       0x0000000000000043       0x44 ./Core/Src/stm32f1xx_hal_msp.o
 .comment       0x0000000000000043       0x44 ./Core/Src/stm32f1xx_it.o
 .comment       0x0000000000000043       0x44 ./Core/Src/system_stm32f1xx.o
 .comment       0x0000000000000043       0x44 ./Drivers/STM32F1xx_HAL_Driver/Src/stm32f1xx_hal.o
 .comment       0x0000000000000043       0x44 ./Drivers/STM32F1xx_HAL_Driver/Src/stm32f1xx_hal_cortex.o
 .comment       0x0000000000000043       0x44 ./Drivers/STM32F1xx_HAL_Driver/Src/stm32f1xx_hal_dma.o
 .comment       0x0000000000000043       0x44 ./Drivers/STM32F1xx_HAL_Driver/Src/stm32f1xx_hal_gpio.o
 .comment       0x0000000000000043       0x44 ./Drivers/STM32F1xx_HAL_Driver/Src/stm32f1xx_hal_pcd.o
 .comment       0x0000000000000043       0x44 ./Drivers/STM32F1xx_HAL_Driver/Src/stm32f1xx_hal_pcd_ex.o
 .comment       0x0000000000000043       0x44 ./Drivers/STM32F1xx_HAL_Driver/Src/stm32f1xx_hal_rcc.o
 .comment       0x0000000000000043       0x44 ./Drivers/STM32F1xx_HAL_Driver/Src/stm32f1xx_hal_rcc_ex.o
 .comment       0x0000000000000043       0x44 ./Drivers/STM32F1xx_HAL_Driver/Src/stm32f1xx_hal_tim.o
 .comment       0x0000000000000043       0x44 ./Drivers/STM32F1xx_HAL_Driver/Src/stm32f1xx_hal_tim_ex.o
 .comment       0x0000000000000043       0x44 ./Drivers/STM32F1xx_HAL_Driver/Src/stm32f1xx_hal_uart.o
 .comment       0x0000000000000043       0x44 ./Drivers/STM32F1xx_HAL_Driver/Src/stm32f1xx_ll_usb.o
 .comment       0x0000000000000043       0x44 ./Middlewares/ST/STM32_USB_Device_Library/Class/CDC/Src/usbd_cdc.o
 .comment       0x0000000000000043       0x44 ./Middlewares/ST/STM32_USB_Device_Library/Core/Src/usbd_core.o
 .comment       0x0000000000000043       0x44 ./Middlewares/ST/STM32_USB_Device_Library/Core/Src/usbd_ctlreq.o
 .comment       0x0000000000000043       0x44 ./Middlewares/ST/STM32_USB_Device_Library/Core/Src/usbd_ioreq.o
 .comment       0x0000000000000043       0x44 ./USB_DEVICE/App/usb_device.o
 .comment       0x0000000000000043       0x44 ./USB_DEVICE/App/usbd_cdc_if.o
 .comment       0x0000000000000043       0x44 ./USB_DEVICE/App/usbd_desc.o
 .comment       0x0000000000000043       0x44 ./USB_DEVICE/Target/usbd_conf.o

.debug_info     0x0000000000000000    0x155ed
 .debug_info    0x0000000000000000     0x16db ./Core/Src/main.o
 .debug_info    0x00000000000016db      0xd2d ./Core/Src/stm32f1xx_hal_msp.o
 .debug_info    0x0000000000002408      0xde2 ./Core/Src/stm32f1xx_it.o
 .debug_info    0x00000000000031ea      0x222 ./Core/Src/system_stm32f1xx.o
 .debug_info    0x000000000000340c       0x23 ./Core/Startup/startup_stm32f103c8tx.o
 .debug_info    0x000000000000342f      0x704 ./Drivers/STM32F1xx_HAL_Driver/Src/stm32f1xx_hal.o
 .debug_info    0x0000000000003b33      0xa87 ./Drivers/STM32F1xx_HAL_Driver/Src/stm32f1xx_hal_cortex.o
 .debug_info    0x00000000000045ba      0x6d2 ./Drivers/STM32F1xx_HAL_Driver/Src/stm32f1xx_hal_dma.o
 .debug_info    0x0000000000004c8c      0x5ab ./Drivers/STM32F1xx_HAL_Driver/Src/stm32f1xx_hal_gpio.o
 .debug_info    0x0000000000005237     0x16cf ./Drivers/STM32F1xx_HAL_Driver/Src/stm32f1xx_hal_pcd.o
 .debug_info    0x0000000000006906      0x6b6 ./Drivers/STM32F1xx_HAL_Driver/Src/stm32f1xx_hal_pcd_ex.o
 .debug_info    0x0000000000006fbc      0x7d5 ./Drivers/STM32F1xx_HAL_Driver/Src/stm32f1xx_hal_rcc.o
 .debug_info    0x0000000000007791      0x3c0 ./Drivers/STM32F1xx_HAL_Driver/Src/stm32f1xx_hal_rcc_ex.o
 .debug_info    0x0000000000007b51     0x293b ./Drivers/STM32F1xx_HAL_Driver/Src/stm32f1xx_hal_tim.o
 .debug_info    0x000000000000a48c     0x149b ./Drivers/STM32F1xx_HAL_Driver/Src/stm32f1xx_hal_tim_ex.o
 .debug_info    0x000000000000b927     0x2fa8 ./Drivers/STM32F1xx_HAL_Driver/Src/stm32f1xx_hal_uart.o
 .debug_info    0x000000000000e8cf     0x17a2 ./Drivers/STM32F1xx_HAL_Driver/Src/stm32f1xx_ll_usb.o
 .debug_info    0x0000000000010071     0x1036 ./Middlewares/ST/STM32_USB_Device_Library/Class/CDC/Src/usbd_cdc.o
 .debug_info    0x00000000000110a7      0xa52 ./Middlewares/ST/STM32_USB_Device_Library/Core/Src/usbd_core.o
 .debug_info    0x0000000000011af9      0x91c ./Middlewares/ST/STM32_USB_Device_Library/Core/Src/usbd_ctlreq.o
 .debug_info    0x0000000000012415      0x6a0 ./Middlewares/ST/STM32_USB_Device_Library/Core/Src/usbd_ioreq.o
 .debug_info    0x0000000000012ab5      0x63d ./USB_DEVICE/App/usb_device.o
 .debug_info    0x00000000000130f2      0x85a ./USB_DEVICE/App/usbd_cdc_if.o
 .debug_info    0x000000000001394c      0x44a ./USB_DEVICE/App/usbd_desc.o
 .debug_info    0x0000000000013d96     0x1857 ./USB_DEVICE/Target/usbd_conf.o

.debug_abbrev   0x0000000000000000     0x3698
 .debug_abbrev  0x0000000000000000      0x410 ./Core/Src/main.o
 .debug_abbrev  0x0000000000000410      0x1dd ./Core/Src/stm32f1xx_hal_msp.o
 .debug_abbrev  0x00000000000005ed      0x1cd ./Core/Src/stm32f1xx_it.o
 .debug_abbrev  0x00000000000007ba      0x13f ./Core/Src/system_stm32f1xx.o
 .debug_abbrev  0x00000000000008f9       0x12 ./Core/Startup/startup_stm32f103c8tx.o
 .debug_abbrev  0x000000000000090b      0x201 ./Drivers/STM32F1xx_HAL_Driver/Src/stm32f1xx_hal.o
 .debug_abbrev  0x0000000000000b0c      0x2f8 ./Drivers/STM32F1xx_HAL_Driver/Src/stm32f1xx_hal_cortex.o
 .debug_abbrev  0x0000000000000e04      0x20b ./Drivers/STM32F1xx_HAL_Driver/Src/stm32f1xx_hal_dma.o
 .debug_abbrev  0x000000000000100f      0x1ca ./Drivers/STM32F1xx_HAL_Driver/Src/stm32f1xx_hal_gpio.o
 .debug_abbrev  0x00000000000011d9      0x2d6 ./Drivers/STM32F1xx_HAL_Driver/Src/stm32f1xx_hal_pcd.o
 .debug_abbrev  0x00000000000014af      0x189 ./Drivers/STM32F1xx_HAL_Driver/Src/stm32f1xx_hal_pcd_ex.o
 .debug_abbrev  0x0000000000001638      0x2b3 ./Drivers/STM32F1xx_HAL_Driver/Src/stm32f1xx_hal_rcc.o
 .debug_abbrev  0x00000000000018eb      0x188 ./Drivers/STM32F1xx_HAL_Driver/Src/stm32f1xx_hal_rcc_ex.o
 .debug_abbrev  0x0000000000001a73      0x277 ./Drivers/STM32F1xx_HAL_Driver/Src/stm32f1xx_hal_tim.o
 .debug_abbrev  0x0000000000001cea      0x282 ./Drivers/STM32F1xx_HAL_Driver/Src/stm32f1xx_hal_tim_ex.o
 .debug_abbrev  0x0000000000001f6c      0x2f8 ./Drivers/STM32F1xx_HAL_Driver/Src/stm32f1xx_hal_uart.o
 .debug_abbrev  0x0000000000002264      0x1de ./Drivers/STM32F1xx_HAL_Driver/Src/stm32f1xx_ll_usb.o
 .debug_abbrev  0x0000000000002442      0x2d3 ./Middlewares/ST/STM32_USB_Device_Library/Class/CDC/Src/usbd_cdc.o
 .debug_abbrev  0x0000000000002715      0x24a ./Middlewares/ST/STM32_USB_Device_Library/Core/Src/usbd_core.o
 .debug_abbrev  0x000000000000295f      0x26b ./Middlewares/ST/STM32_USB_Device_Library/Core/Src/usbd_ctlreq.o
 .debug_abbrev  0x0000000000002bca      0x192 ./Middlewares/ST/STM32_USB_Device_Library/Core/Src/usbd_ioreq.o
 .debug_abbrev  0x0000000000002d5c      0x18d ./USB_DEVICE/App/usb_device.o
 .debug_abbrev  0x0000000000002ee9      0x29a ./USB_DEVICE/App/usbd_cdc_if.o
 .debug_abbrev  0x0000000000003183      0x1ff ./USB_DEVICE/App/usbd_desc.o
 .debug_abbrev  0x0000000000003382      0x316 ./USB_DEVICE/Target/usbd_conf.o

.debug_aranges  0x0000000000000000     0x12e0
 .debug_aranges
                0x0000000000000000       0xb0 ./Core/Src/main.o
 .debug_aranges
                0x00000000000000b0       0x40 ./Core/Src/stm32f1xx_hal_msp.o
 .debug_aranges
                0x00000000000000f0       0x78 ./Core/Src/stm32f1xx_it.o
 .debug_aranges
                0x0000000000000168       0x28 ./Core/Src/system_stm32f1xx.o
 .debug_aranges
                0x0000000000000190       0x28 ./Core/Startup/startup_stm32f103c8tx.o
 .debug_aranges
                0x00000000000001b8       0xe0 ./Drivers/STM32F1xx_HAL_Driver/Src/stm32f1xx_hal.o
 .debug_aranges
                0x0000000000000298      0x100 ./Drivers/STM32F1xx_HAL_Driver/Src/stm32f1xx_hal_cortex.o
 .debug_aranges
                0x0000000000000398       0x80 ./Drivers/STM32F1xx_HAL_Driver/Src/stm32f1xx_hal_dma.o
 .debug_aranges
                0x0000000000000418       0x58 ./Drivers/STM32F1xx_HAL_Driver/Src/stm32f1xx_hal_gpio.o
 .debug_aranges
                0x0000000000000470      0x140 ./Drivers/STM32F1xx_HAL_Driver/Src/stm32f1xx_hal_pcd.o
 .debug_aranges
                0x00000000000005b0       0x38 ./Drivers/STM32F1xx_HAL_Driver/Src/stm32f1xx_hal_pcd_ex.o
 .debug_aranges
                0x00000000000005e8       0x90 ./Drivers/STM32F1xx_HAL_Driver/Src/stm32f1xx_hal_rcc.o
 .debug_aranges
                0x0000000000000678       0x30 ./Drivers/STM32F1xx_HAL_Driver/Src/stm32f1xx_hal_rcc_ex.o
 .debug_aranges
                0x00000000000006a8      0x3d0 ./Drivers/STM32F1xx_HAL_Driver/Src/stm32f1xx_hal_tim.o
 .debug_aranges
                0x0000000000000a78      0x168 ./Drivers/STM32F1xx_HAL_Driver/Src/stm32f1xx_hal_tim_ex.o
 .debug_aranges
                0x0000000000000be0      0x208 ./Drivers/STM32F1xx_HAL_Driver/Src/stm32f1xx_hal_uart.o
 .debug_aranges
                0x0000000000000de8       0xf8 ./Drivers/STM32F1xx_HAL_Driver/Src/stm32f1xx_ll_usb.o
 .debug_aranges
                0x0000000000000ee0       0x90 ./Middlewares/ST/STM32_USB_Device_Library/Class/CDC/Src/usbd_cdc.o
 .debug_aranges
                0x0000000000000f70       0xb8 ./Middlewares/ST/STM32_USB_Device_Library/Core/Src/usbd_core.o
 .debug_aranges
                0x0000000000001028       0x88 ./Middlewares/ST/STM32_USB_Device_Library/Core/Src/usbd_ctlreq.o
 .debug_aranges
                0x00000000000010b0       0x50 ./Middlewares/ST/STM32_USB_Device_Library/Core/Src/usbd_ioreq.o
 .debug_aranges
                0x0000000000001100       0x20 ./USB_DEVICE/App/usb_device.o
 .debug_aranges
                0x0000000000001120       0x48 ./USB_DEVICE/App/usbd_cdc_if.o
 .debug_aranges
                0x0000000000001168       0x60 ./USB_DEVICE/App/usbd_desc.o
 .debug_aranges
                0x00000000000011c8      0x118 ./USB_DEVICE/Target/usbd_conf.o

.debug_rnglists
                0x0000000000000000      0xe84
 .debug_rnglists
                0x0000000000000000       0x88 ./Core/Src/main.o
 .debug_rnglists
                0x0000000000000088       0x2c ./Core/Src/stm32f1xx_hal_msp.o
 .debug_rnglists
                0x00000000000000b4       0x55 ./Core/Src/stm32f1xx_it.o
 .debug_rnglists
                0x0000000000000109       0x1a ./Core/Src/system_stm32f1xx.o
 .debug_rnglists
                0x0000000000000123       0x19 ./Core/Startup/startup_stm32f103c8tx.o
 .debug_rnglists
                0x000000000000013c       0xa3 ./Drivers/STM32F1xx_HAL_Driver/Src/stm32f1xx_hal.o
 .debug_rnglists
                0x00000000000001df       0xbb ./Drivers/STM32F1xx_HAL_Driver/Src/stm32f1xx_hal_cortex.o
 .debug_rnglists
                0x000000000000029a       0x64 ./Drivers/STM32F1xx_HAL_Driver/Src/stm32f1xx_hal_dma.o
 .debug_rnglists
                0x00000000000002fe       0x3f ./Drivers/STM32F1xx_HAL_Driver/Src/stm32f1xx_hal_gpio.o
 .debug_rnglists
                0x000000000000033d       0xf4 ./Drivers/STM32F1xx_HAL_Driver/Src/stm32f1xx_hal_pcd.o
 .debug_rnglists
                0x0000000000000431       0x26 ./Drivers/STM32F1xx_HAL_Driver/Src/stm32f1xx_hal_pcd_ex.o
 .debug_rnglists
                0x0000000000000457       0x6c ./Drivers/STM32F1xx_HAL_Driver/Src/stm32f1xx_hal_rcc.o
 .debug_rnglists
                0x00000000000004c3       0x21 ./Drivers/STM32F1xx_HAL_Driver/Src/stm32f1xx_hal_rcc_ex.o
 .debug_rnglists
                0x00000000000004e4      0x31a ./Drivers/STM32F1xx_HAL_Driver/Src/stm32f1xx_hal_tim.o
 .debug_rnglists
                0x00000000000007fe      0x125 ./Drivers/STM32F1xx_HAL_Driver/Src/stm32f1xx_hal_tim_ex.o
 .debug_rnglists
                0x0000000000000923      0x1bc ./Drivers/STM32F1xx_HAL_Driver/Src/stm32f1xx_hal_uart.o
 .debug_rnglists
                0x0000000000000adf       0xbd ./Drivers/STM32F1xx_HAL_Driver/Src/stm32f1xx_ll_usb.o
 .debug_rnglists
                0x0000000000000b9c       0x6a ./Middlewares/ST/STM32_USB_Device_Library/Class/CDC/Src/usbd_cdc.o
 .debug_rnglists
                0x0000000000000c06       0x89 ./Middlewares/ST/STM32_USB_Device_Library/Core/Src/usbd_core.o
 .debug_rnglists
                0x0000000000000c8f       0x68 ./Middlewares/ST/STM32_USB_Device_Library/Core/Src/usbd_ctlreq.o
 .debug_rnglists
                0x0000000000000cf7       0x37 ./Middlewares/ST/STM32_USB_Device_Library/Core/Src/usbd_ioreq.o
 .debug_rnglists
                0x0000000000000d2e       0x13 ./USB_DEVICE/App/usb_device.o
 .debug_rnglists
                0x0000000000000d41       0x32 ./USB_DEVICE/App/usbd_cdc_if.o
 .debug_rnglists
                0x0000000000000d73       0x43 ./USB_DEVICE/App/usbd_desc.o
 .debug_rnglists
                0x0000000000000db6       0xce ./USB_DEVICE/Target/usbd_conf.o

.debug_macro    0x0000000000000000    0x1a636
 .debug_macro   0x0000000000000000      0x3e8 ./Core/Src/main.o
 .debug_macro   0x00000000000003e8      0xa9c ./Core/Src/main.o
 .debug_macro   0x0000000000000e84      0x221 ./Core/Src/main.o
 .debug_macro   0x00000000000010a5       0x2e ./Core/Src/main.o
 .debug_macro   0x00000000000010d3       0x22 ./Core/Src/main.o
 .debug_macro   0x00000000000010f5       0x22 ./Core/Src/main.o
 .debug_macro   0x0000000000001117       0x8e ./Core/Src/main.o
 .debug_macro   0x00000000000011a5       0x51 ./Core/Src/main.o
 .debug_macro   0x00000000000011f6      0x103 ./Core/Src/main.o
 .debug_macro   0x00000000000012f9       0x6a ./Core/Src/main.o
 .debug_macro   0x0000000000001363      0x1df ./Core/Src/main.o
 .debug_macro   0x0000000000001542       0x1c ./Core/Src/main.o
 .debug_macro   0x000000000000155e       0x22 ./Core/Src/main.o
 .debug_macro   0x0000000000001580       0xbd ./Core/Src/main.o
 .debug_macro   0x000000000000163d      0xd23 ./Core/Src/main.o
 .debug_macro   0x0000000000002360     0xe09e ./Core/Src/main.o
 .debug_macro   0x00000000000103fe       0x6d ./Core/Src/main.o
 .debug_macro   0x000000000001046b     0x348d ./Core/Src/main.o
 .debug_macro   0x00000000000138f8      0x174 ./Core/Src/main.o
 .debug_macro   0x0000000000013a6c       0x5c ./Core/Src/main.o
 .debug_macro   0x0000000000013ac8      0x5bc ./Core/Src/main.o
 .debug_macro   0x0000000000014084      0x289 ./Core/Src/main.o
 .debug_macro   0x000000000001430d      0x1cb ./Core/Src/main.o
 .debug_macro   0x00000000000144d8      0x114 ./Core/Src/main.o
 .debug_macro   0x00000000000145ec      0x1b2 ./Core/Src/main.o
 .debug_macro   0x000000000001479e       0x27 ./Core/Src/main.o
 .debug_macro   0x00000000000147c5      0x136 ./Core/Src/main.o
 .debug_macro   0x00000000000148fb      0x1bc ./Core/Src/main.o
 .debug_macro   0x0000000000014ab7       0x34 ./Core/Src/main.o
 .debug_macro   0x0000000000014aeb       0x3c ./Core/Src/main.o
 .debug_macro   0x0000000000014b27       0x57 ./Core/Src/main.o
 .debug_macro   0x0000000000014b7e       0x87 ./Core/Src/main.o
 .debug_macro   0x0000000000014c05      0x240 ./Core/Src/main.o
 .debug_macro   0x0000000000014e45      0x140 ./Core/Src/main.o
 .debug_macro   0x0000000000014f85      0x8ed ./Core/Src/main.o
 .debug_macro   0x0000000000015872      0x28e ./Core/Src/main.o
 .debug_macro   0x0000000000015b00       0xab ./Core/Src/main.o
 .debug_macro   0x0000000000015bab      0x242 ./Core/Src/main.o
 .debug_macro   0x0000000000015ded       0x83 ./Core/Src/main.o
 .debug_macro   0x0000000000015e70       0x1c ./Core/Src/main.o
 .debug_macro   0x0000000000015e8c       0x61 ./Core/Src/main.o
 .debug_macro   0x0000000000015eed       0x24 ./Core/Src/main.o
 .debug_macro   0x0000000000015f11       0x43 ./Core/Src/main.o
 .debug_macro   0x0000000000015f54       0x34 ./Core/Src/main.o
 .debug_macro   0x0000000000015f88       0x16 ./Core/Src/main.o
 .debug_macro   0x0000000000015f9e       0x35 ./Core/Src/main.o
 .debug_macro   0x0000000000015fd3      0x369 ./Core/Src/main.o
 .debug_macro   0x000000000001633c       0x10 ./Core/Src/main.o
 .debug_macro   0x000000000001634c       0x16 ./Core/Src/main.o
 .debug_macro   0x0000000000016362       0x43 ./Core/Src/main.o
 .debug_macro   0x00000000000163a5       0x34 ./Core/Src/main.o
 .debug_macro   0x00000000000163d9       0x10 ./Core/Src/main.o
 .debug_macro   0x00000000000163e9       0x58 ./Core/Src/main.o
 .debug_macro   0x0000000000016441       0x8e ./Core/Src/main.o
 .debug_macro   0x00000000000164cf       0x1c ./Core/Src/main.o
 .debug_macro   0x00000000000164eb      0x177 ./Core/Src/main.o
 .debug_macro   0x0000000000016662       0x16 ./Core/Src/main.o
 .debug_macro   0x0000000000016678       0x16 ./Core/Src/main.o
 .debug_macro   0x000000000001668e      0x147 ./Core/Src/main.o
 .debug_macro   0x00000000000167d5       0x16 ./Core/Src/main.o
 .debug_macro   0x00000000000167eb       0x16 ./Core/Src/main.o
 .debug_macro   0x0000000000016801       0x29 ./Core/Src/main.o
 .debug_macro   0x000000000001682a       0x16 ./Core/Src/main.o
 .debug_macro   0x0000000000016840       0x20 ./Core/Src/main.o
 .debug_macro   0x0000000000016860       0x5f ./Core/Src/main.o
 .debug_macro   0x00000000000168bf      0x1c8 ./Core/Src/main.o
 .debug_macro   0x0000000000016a87       0x22 ./Core/Src/main.o
 .debug_macro   0x0000000000016aa9       0x8f ./Core/Src/main.o
 .debug_macro   0x0000000000016b38       0x10 ./Core/Src/main.o
 .debug_macro   0x0000000000016b48      0x1d6 ./Core/Src/stm32f1xx_hal_msp.o
 .debug_macro   0x0000000000016d1e      0x1e0 ./Core/Src/stm32f1xx_it.o
 .debug_macro   0x0000000000016efe      0x1c7 ./Core/Src/system_stm32f1xx.o
 .debug_macro   0x00000000000170c5      0x1eb ./Drivers/STM32F1xx_HAL_Driver/Src/stm32f1xx_hal.o
 .debug_macro   0x00000000000172b0      0x1c7 ./Drivers/STM32F1xx_HAL_Driver/Src/stm32f1xx_hal_cortex.o
 .debug_macro   0x0000000000017477      0x1c7 ./Drivers/STM32F1xx_HAL_Driver/Src/stm32f1xx_hal_dma.o
 .debug_macro   0x000000000001763e      0x232 ./Drivers/STM32F1xx_HAL_Driver/Src/stm32f1xx_hal_gpio.o
 .debug_macro   0x0000000000017870      0x1d3 ./Drivers/STM32F1xx_HAL_Driver/Src/stm32f1xx_hal_pcd.o
 .debug_macro   0x0000000000017a43      0x1c7 ./Drivers/STM32F1xx_HAL_Driver/Src/stm32f1xx_hal_pcd_ex.o
 .debug_macro   0x0000000000017c0a      0x1d9 ./Drivers/STM32F1xx_HAL_Driver/Src/stm32f1xx_hal_rcc.o
 .debug_macro   0x0000000000017de3      0x1c7 ./Drivers/STM32F1xx_HAL_Driver/Src/stm32f1xx_hal_rcc_ex.o
 .debug_macro   0x0000000000017faa      0x1c8 ./Drivers/STM32F1xx_HAL_Driver/Src/stm32f1xx_hal_tim.o
 .debug_macro   0x0000000000018172      0x1c7 ./Drivers/STM32F1xx_HAL_Driver/Src/stm32f1xx_hal_tim_ex.o
 .debug_macro   0x0000000000018339      0x1c8 ./Drivers/STM32F1xx_HAL_Driver/Src/stm32f1xx_hal_uart.o
 .debug_macro   0x0000000000018501      0x1c7 ./Drivers/STM32F1xx_HAL_Driver/Src/stm32f1xx_ll_usb.o
 .debug_macro   0x00000000000186c8      0x365 ./Middlewares/ST/STM32_USB_Device_Library/Class/CDC/Src/usbd_cdc.o
 .debug_macro   0x0000000000018a2d       0x97 ./Middlewares/ST/STM32_USB_Device_Library/Class/CDC/Src/usbd_cdc.o
 .debug_macro   0x0000000000018ac4       0xfd ./Middlewares/ST/STM32_USB_Device_Library/Class/CDC/Src/usbd_cdc.o
 .debug_macro   0x0000000000018bc1       0x56 ./Middlewares/ST/STM32_USB_Device_Library/Class/CDC/Src/usbd_cdc.o
 .debug_macro   0x0000000000018c17      0x34c ./Middlewares/ST/STM32_USB_Device_Library/Core/Src/usbd_core.o
 .debug_macro   0x0000000000018f63      0x1ce ./Middlewares/ST/STM32_USB_Device_Library/Core/Src/usbd_core.o
 .debug_macro   0x0000000000019131      0x356 ./Middlewares/ST/STM32_USB_Device_Library/Core/Src/usbd_ctlreq.o
 .debug_macro   0x0000000000019487      0x352 ./Middlewares/ST/STM32_USB_Device_Library/Core/Src/usbd_ioreq.o
 .debug_macro   0x00000000000197d9      0x385 ./USB_DEVICE/App/usb_device.o
 .debug_macro   0x0000000000019b5e       0x22 ./USB_DEVICE/App/usb_device.o
 .debug_macro   0x0000000000019b80       0x22 ./USB_DEVICE/App/usb_device.o
 .debug_macro   0x0000000000019ba2       0x16 ./USB_DEVICE/App/usb_device.o
 .debug_macro   0x0000000000019bb8      0x370 ./USB_DEVICE/App/usbd_cdc_if.o
 .debug_macro   0x0000000000019f28      0x389 ./USB_DEVICE/App/usbd_desc.o
 .debug_macro   0x000000000001a2b1       0x1c ./USB_DEVICE/App/usbd_desc.o
 .debug_macro   0x000000000001a2cd      0x369 ./USB_DEVICE/Target/usbd_conf.o

.debug_line     0x0000000000000000    0x176b5
 .debug_line    0x0000000000000000     0x10ea ./Core/Src/main.o
 .debug_line    0x00000000000010ea      0x7de ./Core/Src/stm32f1xx_hal_msp.o
 .debug_line    0x00000000000018c8      0x856 ./Core/Src/stm32f1xx_it.o
 .debug_line    0x000000000000211e      0x7ca ./Core/Src/system_stm32f1xx.o
 .debug_line    0x00000000000028e8       0x78 ./Core/Startup/startup_stm32f103c8tx.o
 .debug_line    0x0000000000002960      0x9f7 ./Drivers/STM32F1xx_HAL_Driver/Src/stm32f1xx_hal.o
 .debug_line    0x0000000000003357      0xbdf ./Drivers/STM32F1xx_HAL_Driver/Src/stm32f1xx_hal_cortex.o
 .debug_line    0x0000000000003f36      0xe50 ./Drivers/STM32F1xx_HAL_Driver/Src/stm32f1xx_hal_dma.o
 .debug_line    0x0000000000004d86      0xa90 ./Drivers/STM32F1xx_HAL_Driver/Src/stm32f1xx_hal_gpio.o
 .debug_line    0x0000000000005816     0x1425 ./Drivers/STM32F1xx_HAL_Driver/Src/stm32f1xx_hal_pcd.o
 .debug_line    0x0000000000006c3b      0x7c5 ./Drivers/STM32F1xx_HAL_Driver/Src/stm32f1xx_hal_pcd_ex.o
 .debug_line    0x0000000000007400      0xe00 ./Drivers/STM32F1xx_HAL_Driver/Src/stm32f1xx_hal_rcc.o
 .debug_line    0x0000000000008200      0x93b ./Drivers/STM32F1xx_HAL_Driver/Src/stm32f1xx_hal_rcc_ex.o
 .debug_line    0x0000000000008b3b     0x34e3 ./Drivers/STM32F1xx_HAL_Driver/Src/stm32f1xx_hal_tim.o
 .debug_line    0x000000000000c01e     0x1956 ./Drivers/STM32F1xx_HAL_Driver/Src/stm32f1xx_hal_tim_ex.o
 .debug_line    0x000000000000d974     0x2925 ./Drivers/STM32F1xx_HAL_Driver/Src/stm32f1xx_hal_uart.o
 .debug_line    0x0000000000010299     0x10ac ./Drivers/STM32F1xx_HAL_Driver/Src/stm32f1xx_ll_usb.o
 .debug_line    0x0000000000011345      0xd4f ./Middlewares/ST/STM32_USB_Device_Library/Class/CDC/Src/usbd_cdc.o
 .debug_line    0x0000000000012094      0xdcb ./Middlewares/ST/STM32_USB_Device_Library/Core/Src/usbd_core.o
 .debug_line    0x0000000000012e5f     0x1008 ./Middlewares/ST/STM32_USB_Device_Library/Core/Src/usbd_ctlreq.o
 .debug_line    0x0000000000013e67      0xa61 ./Middlewares/ST/STM32_USB_Device_Library/Core/Src/usbd_ioreq.o
 .debug_line    0x00000000000148c8      0xa21 ./USB_DEVICE/App/usb_device.o
 .debug_line    0x00000000000152e9      0xadc ./USB_DEVICE/App/usbd_cdc_if.o
 .debug_line    0x0000000000015dc5      0xaea ./USB_DEVICE/App/usbd_desc.o
 .debug_line    0x00000000000168af      0xe06 ./USB_DEVICE/Target/usbd_conf.o

.debug_str      0x0000000000000000    0x8f584
 .debug_str     0x0000000000000000    0x8b12d ./Core/Src/main.o
                                      0x8b5f6 (size before relaxing)
 .debug_str     0x000000000008b12d      0x36e ./Core/Src/stm32f1xx_hal_msp.o
                                      0x86a91 (size before relaxing)
 .debug_str     0x000000000008b49b      0x406 ./Core/Src/stm32f1xx_it.o
                                      0x86a71 (size before relaxing)
 .debug_str     0x000000000008b8a1       0x7e ./Core/Src/system_stm32f1xx.o
                                      0x85fb3 (size before relaxing)
 .debug_str     0x000000000008b91f       0x34 ./Core/Startup/startup_stm32f103c8tx.o
                                         0x70 (size before relaxing)
 .debug_str     0x000000000008b953      0x384 ./Drivers/STM32F1xx_HAL_Driver/Src/stm32f1xx_hal.o
                                      0x866e6 (size before relaxing)
 .debug_str     0x000000000008bcd7      0x262 ./Drivers/STM32F1xx_HAL_Driver/Src/stm32f1xx_hal_cortex.o
                                      0x86632 (size before relaxing)
 .debug_str     0x000000000008bf39      0x235 ./Drivers/STM32F1xx_HAL_Driver/Src/stm32f1xx_hal_dma.o
                                      0x8635c (size before relaxing)
 .debug_str     0x000000000008c16e      0x2d0 ./Drivers/STM32F1xx_HAL_Driver/Src/stm32f1xx_hal_gpio.o
                                      0x86339 (size before relaxing)
 .debug_str     0x000000000008c43e      0x5bd ./Drivers/STM32F1xx_HAL_Driver/Src/stm32f1xx_hal_pcd.o
                                      0x868c5 (size before relaxing)
 .debug_str     0x000000000008c9fb      0x170 ./Drivers/STM32F1xx_HAL_Driver/Src/stm32f1xx_hal_pcd_ex.o
                                      0x86427 (size before relaxing)
 .debug_str     0x000000000008cb6b      0x229 ./Drivers/STM32F1xx_HAL_Driver/Src/stm32f1xx_hal_rcc.o
                                      0x863e2 (size before relaxing)
 .debug_str     0x000000000008cd94       0x9f ./Drivers/STM32F1xx_HAL_Driver/Src/stm32f1xx_hal_rcc_ex.o
                                      0x86132 (size before relaxing)
 .debug_str     0x000000000008ce33      0xd95 ./Drivers/STM32F1xx_HAL_Driver/Src/stm32f1xx_hal_tim.o
                                      0x873d4 (size before relaxing)
 .debug_str     0x000000000008dbc8      0x493 ./Drivers/STM32F1xx_HAL_Driver/Src/stm32f1xx_hal_tim_ex.o
                                      0x86bf0 (size before relaxing)
 .debug_str     0x000000000008e05b      0x5cd ./Drivers/STM32F1xx_HAL_Driver/Src/stm32f1xx_hal_uart.o
                                      0x86a53 (size before relaxing)
 .debug_str     0x000000000008e628      0x129 ./Drivers/STM32F1xx_HAL_Driver/Src/stm32f1xx_ll_usb.o
                                      0x86479 (size before relaxing)
 .debug_str     0x000000000008e751      0x610 ./Middlewares/ST/STM32_USB_Device_Library/Class/CDC/Src/usbd_cdc.o
                                      0x8aefd (size before relaxing)
 .debug_str     0x000000000008ed61      0x281 ./Middlewares/ST/STM32_USB_Device_Library/Core/Src/usbd_core.o
                                      0x8a838 (size before relaxing)
 .debug_str     0x000000000008efe2      0x120 ./Middlewares/ST/STM32_USB_Device_Library/Core/Src/usbd_ctlreq.o
                                      0x8a752 (size before relaxing)
 .debug_str     0x000000000008f102       0x51 ./Middlewares/ST/STM32_USB_Device_Library/Core/Src/usbd_ioreq.o
                                      0x8a67f (size before relaxing)
 .debug_str     0x000000000008f153       0xc6 ./USB_DEVICE/App/usb_device.o
                                      0x8aa08 (size before relaxing)
 .debug_str     0x000000000008f219       0x9a ./USB_DEVICE/App/usbd_cdc_if.o
                                      0x8aa63 (size before relaxing)
 .debug_str     0x000000000008f2b3      0x259 ./USB_DEVICE/App/usbd_desc.o
                                      0x8a5bc (size before relaxing)
 .debug_str     0x000000000008f50c       0x78 ./USB_DEVICE/Target/usbd_conf.o
                                      0x8b48a (size before relaxing)

.debug_frame    0x0000000000000000     0x4e24
 .debug_frame   0x0000000000000000      0x29c ./Core/Src/main.o
 .debug_frame   0x000000000000029c       0xc8 ./Core/Src/stm32f1xx_hal_msp.o
 .debug_frame   0x0000000000000364      0x158 ./Core/Src/stm32f1xx_it.o
 .debug_frame   0x00000000000004bc       0x58 ./Core/Src/system_stm32f1xx.o
 .debug_frame   0x0000000000000514      0x334 ./Drivers/STM32F1xx_HAL_Driver/Src/stm32f1xx_hal.o
 .debug_frame   0x0000000000000848      0x428 ./Drivers/STM32F1xx_HAL_Driver/Src/stm32f1xx_hal_cortex.o
 .debug_frame   0x0000000000000c70      0x208 ./Drivers/STM32F1xx_HAL_Driver/Src/stm32f1xx_hal_dma.o
 .debug_frame   0x0000000000000e78      0x14c ./Drivers/STM32F1xx_HAL_Driver/Src/stm32f1xx_hal_gpio.o
 .debug_frame   0x0000000000000fc4      0x59c ./Drivers/STM32F1xx_HAL_Driver/Src/stm32f1xx_hal_pcd.o