../Core/Src/main.c:216:6:HAL_TIM_PeriodElapsedCallback	16	static
../Core/Src/main.c:226:6:HAL_UART_RxCpltCallback	16	static
../Core/Src/main.c:233:6:heartBeat	8	static
../Core/Src/main.c:245:6:ledStatus	4	static
../Core/Src/main.c:295:6:imAlive	8	static
../Core/Src/main.c:299:6:buttonsStatus	16	static
../Core/Src/main.c:366:6:inicializaButtons	16	static
../Core/Src/main.c:372:6:debounceTask	16	static
../Core/Src/main.c:383:6:decodeProtocol	24	static
../Core/Src/main.c:454:6:decodeData	80	static
../Core/Src/main.c:656:6:comunicationsTask	16	static
../Core/Src/main.c:673:6:autoConnectWifi	4	static
../Core/Src/main.c:691:5:main	16	static
../Core/Src/main.c:764:6:SystemClock_Config	72	static
../Core/Src/main.c:804:13:MX_TIM1_Init	32	static
../Core/Src/main.c:850:13:MX_USART1_UART_Init	8	static
../Core/Src/main.c:883:13:MX_GPIO_Init	40	static
../Core/Src/main.c:923:6:Error_Handler	4	static,ignoring_inline_asm
