../Core/Src/main.c:213:6:HAL_TIM_PeriodElapsedCallback	16	static
../Core/Src/main.c:223:6:HAL_UART_RxCpltCallback	16	static
../Core/Src/main.c:230:6:heartBeat	8	static
../Core/Src/main.c:242:6:ledStatus	4	static
../Core/Src/main.c:292:6:imAlive	8	static
../Core/Src/main.c:296:6:buttonsStatus	16	static
../Core/Src/main.c:363:6:inicializaButtons	16	static
../Core/Src/main.c:369:6:debounceTask	16	static
../Core/Src/main.c:381:6:decodeProtocol	24	static
../Core/Src/main.c:452:6:decodeData	80	static
../Core/Src/main.c:654:6:comunicationsTask	16	static
../Core/Src/main.c:671:6:autoConnectWifi	4	static
../Core/Src/main.c:689:5:main	16	static
../Core/Src/main.c:762:6:SystemClock_Config	72	static
../Core/Src/main.c:802:13:MX_TIM1_Init	32	static
../Core/Src/main.c:848:13:MX_USART1_UART_Init	8	static
../Core/Src/main.c:881:13:MX_GPIO_Init	40	static
../Core/Src/main.c:920:6:Error_Handler	4	static,ignoring_inline_asm
